Added Pin To Net: NetName=DDS_SCLK Pin=U1-GP18
Added Pin To Net: NetName=DDS_SDAT Pin=U1-GP19
Added Pin To Net: NetName=DDS_FSYNC4 Pin=U1-GP20
Added Pin To Net: NetName=DDS_FSYNC3 Pin=U1-GP21
Added Pin To Net: NetName=DDS_FSYNC2 Pin=U1-GP22
Added Pin To Net: NetName=DDS_FSYNC1 Pin=U1-GP26_A0
Added Room: Name=U_Battery_Connections
Added Room: Name=U_Curr_Source_Buffer
Added Room: Name=U_Current_Measure1
Added Room: Name=U_Current_Measure2
Added Room: Name=U_Current_Measure3
Added Room: Name=U_Current_Measure4
Added Room: Name=U_Current_Source1
Added Room: Name=U_Current_Source2
Added Room: Name=U_Current_Source3
Added Room: Name=U_Current_Source4
Added Room: Name=U_Flyback
Added Room: Name=U_Four_DDS
Added Room: Name=U_High_Level_Connections
Added Room: Name=U_MCU
Added Room: Name=U_Non_Isolated_Sources
Added Room: Name=U_Output_Isolation
Added Room: Name=U_PGA_Block1
Added Room: Name=U_PGA_Block2
Added Room: Name=U_PGA_Block3
Added Room: Name=U_PGA_Block4
Added Room: Name=U_Small_DDS1
Added Room: Name=U_Small_DDS2
Added Room: Name=U_Small_DDS3
Added Room: Name=U_Small_DDS4
Added Room: Name=U_Stimulus_Feedback
