Added Component: Designator=C1(0402_Res)
Add component (AddParameter): Name = "LatestRevisionDate"; Value = "17-Jul-2002"; VariantName = "[No Variations]"
Add component (AddParameter): Name = "LatestRevisionNote"; Value = "Re-released for DXP Platform."; VariantName = "[No Variations]"
Add component (AddParameter): Name = "PackageDescription"; Value = "Radial Cap, Thru-Hole; 2 Leads; 0.3 in Pin Spacing"; VariantName = "[No Variations]"
Add component (AddParameter): Name = "PackageReference"; Value = "RAD-0.3"; VariantName = "[No Variations]"
Add component (AddParameter): Name = "Published"; Value = "8-Jun-2000"; VariantName = "[No Variations]"
Add component (AddParameter): Name = "Publisher"; Value = "Altium Limited"; VariantName = "[No Variations]"
Add component (AddParameter): Name = "Value"; Value = "680p"; VariantName = "[No Variations]"
Added Component: Designator=C2(0402_Res)
Add component (AddParameter): Name = "LatestRevisionDate"; Value = "17-Jul-2002"; VariantName = "[No Variations]"
Add component (AddParameter): Name = "LatestRevisionNote"; Value = "Re-released for DXP Platform."; VariantName = "[No Variations]"
Add component (AddParameter): Name = "PackageDescription"; Value = "Radial Cap, Thru-Hole; 2 Leads; 0.3 in Pin Spacing"; VariantName = "[No Variations]"
Add component (AddParameter): Name = "PackageReference"; Value = "RAD-0.3"; VariantName = "[No Variations]"
Add component (AddParameter): Name = "Published"; Value = "8-Jun-2000"; VariantName = "[No Variations]"
Add component (AddParameter): Name = "Publisher"; Value = "Altium Limited"; VariantName = "[No Variations]"
Add component (AddParameter): Name = "Value"; Value = "0.1u"; VariantName = "[No Variations]"
Added Component: Designator=C3(0402_Res)
Add component (AddParameter): Name = "LatestRevisionDate"; Value = "17-Jul-2002"; VariantName = "[No Variations]"
Add component (AddParameter): Name = "LatestRevisionNote"; Value = "Re-released for DXP Platform."; VariantName = "[No Variations]"
Add component (AddParameter): Name = "PackageDescription"; Value = "Radial Cap, Thru-Hole; 2 Leads; 0.3 in Pin Spacing"; VariantName = "[No Variations]"
Add component (AddParameter): Name = "PackageReference"; Value = "RAD-0.3"; VariantName = "[No Variations]"
Add component (AddParameter): Name = "Published"; Value = "8-Jun-2000"; VariantName = "[No Variations]"
Add component (AddParameter): Name = "Publisher"; Value = "Altium Limited"; VariantName = "[No Variations]"
Add component (AddParameter): Name = "Value"; Value = "0.1u"; VariantName = "[No Variations]"
Added Component: Designator=C4(0402_Res)
Add component (AddParameter): Name = "LatestRevisionDate"; Value = "17-Jul-2002"; VariantName = "[No Variations]"
Add component (AddParameter): Name = "LatestRevisionNote"; Value = "Re-released for DXP Platform."; VariantName = "[No Variations]"
Add component (AddParameter): Name = "PackageDescription"; Value = "Radial Cap, Thru-Hole; 2 Leads; 0.3 in Pin Spacing"; VariantName = "[No Variations]"
Add component (AddParameter): Name = "PackageReference"; Value = "RAD-0.3"; VariantName = "[No Variations]"
Add component (AddParameter): Name = "Published"; Value = "8-Jun-2000"; VariantName = "[No Variations]"
Add component (AddParameter): Name = "Publisher"; Value = "Altium Limited"; VariantName = "[No Variations]"
Add component (AddParameter): Name = "Value"; Value = "0.1u"; VariantName = "[No Variations]"
Added Component: Designator=C5(0402_Res)
Add component (AddParameter): Name = "LatestRevisionDate"; Value = "17-Jul-2002"; VariantName = "[No Variations]"
Add component (AddParameter): Name = "LatestRevisionNote"; Value = "Re-released for DXP Platform."; VariantName = "[No Variations]"
Add component (AddParameter): Name = "PackageDescription"; Value = "Radial Cap, Thru-Hole; 2 Leads; 0.3 in Pin Spacing"; VariantName = "[No Variations]"
Add component (AddParameter): Name = "PackageReference"; Value = "RAD-0.3"; VariantName = "[No Variations]"
Add component (AddParameter): Name = "Published"; Value = "8-Jun-2000"; VariantName = "[No Variations]"
Add component (AddParameter): Name = "Publisher"; Value = "Altium Limited"; VariantName = "[No Variations]"
Add component (AddParameter): Name = "Value"; Value = "0.1u"; VariantName = "[No Variations]"
Added Component: Designator=C6(0402_Res)
Add component (AddParameter): Name = "LatestRevisionDate"; Value = "17-Jul-2002"; VariantName = "[No Variations]"
Add component (AddParameter): Name = "LatestRevisionNote"; Value = "Re-released for DXP Platform."; VariantName = "[No Variations]"
Add component (AddParameter): Name = "PackageDescription"; Value = "Radial Cap, Thru-Hole; 2 Leads; 0.3 in Pin Spacing"; VariantName = "[No Variations]"
Add component (AddParameter): Name = "PackageReference"; Value = "RAD-0.3"; VariantName = "[No Variations]"
Add component (AddParameter): Name = "Published"; Value = "8-Jun-2000"; VariantName = "[No Variations]"
Add component (AddParameter): Name = "Publisher"; Value = "Altium Limited"; VariantName = "[No Variations]"
Add component (AddParameter): Name = "Value"; Value = "0.1u"; VariantName = "[No Variations]"
Added Component: Designator=C7(0402_Res)
Add component (AddParameter): Name = "LatestRevisionDate"; Value = "17-Jul-2002"; VariantName = "[No Variations]"
Add component (AddParameter): Name = "LatestRevisionNote"; Value = "Re-released for DXP Platform."; VariantName = "[No Variations]"
Add component (AddParameter): Name = "PackageDescription"; Value = "Radial Cap, Thru-Hole; 2 Leads; 0.3 in Pin Spacing"; VariantName = "[No Variations]"
Add component (AddParameter): Name = "PackageReference"; Value = "RAD-0.3"; VariantName = "[No Variations]"
Add component (AddParameter): Name = "Published"; Value = "8-Jun-2000"; VariantName = "[No Variations]"
Add component (AddParameter): Name = "Publisher"; Value = "Altium Limited"; VariantName = "[No Variations]"
Add component (AddParameter): Name = "Value"; Value = "0.1u"; VariantName = "[No Variations]"
Added Component: Designator=C8(0402_Res)
Add component (AddParameter): Name = "LatestRevisionDate"; Value = "17-Jul-2002"; VariantName = "[No Variations]"
Add component (AddParameter): Name = "LatestRevisionNote"; Value = "Re-released for DXP Platform."; VariantName = "[No Variations]"
Add component (AddParameter): Name = "PackageDescription"; Value = "Radial Cap, Thru-Hole; 2 Leads; 0.3 in Pin Spacing"; VariantName = "[No Variations]"
Add component (AddParameter): Name = "PackageReference"; Value = "RAD-0.3"; VariantName = "[No Variations]"
Add component (AddParameter): Name = "Published"; Value = "8-Jun-2000"; VariantName = "[No Variations]"
Add component (AddParameter): Name = "Publisher"; Value = "Altium Limited"; VariantName = "[No Variations]"
Add component (AddParameter): Name = "Value"; Value = "0.1u"; VariantName = "[No Variations]"
Added Component: Designator=C9(0402_Res)
Add component (AddParameter): Name = "LatestRevisionDate"; Value = "17-Jul-2002"; VariantName = "[No Variations]"
Add component (AddParameter): Name = "LatestRevisionNote"; Value = "Re-released for DXP Platform."; VariantName = "[No Variations]"
Add component (AddParameter): Name = "PackageDescription"; Value = "Radial Cap, Thru-Hole; 2 Leads; 0.3 in Pin Spacing"; VariantName = "[No Variations]"
Add component (AddParameter): Name = "PackageReference"; Value = "RAD-0.3"; VariantName = "[No Variations]"
Add component (AddParameter): Name = "Published"; Value = "8-Jun-2000"; VariantName = "[No Variations]"
Add component (AddParameter): Name = "Publisher"; Value = "Altium Limited"; VariantName = "[No Variations]"
Add component (AddParameter): Name = "Value"; Value = "0.1u"; VariantName = "[No Variations]"
Added Component: Designator=C10(0402_Res)
Add component (AddParameter): Name = "LatestRevisionDate"; Value = "17-Jul-2002"; VariantName = "[No Variations]"
Add component (AddParameter): Name = "LatestRevisionNote"; Value = "Re-released for DXP Platform."; VariantName = "[No Variations]"
Add component (AddParameter): Name = "PackageDescription"; Value = "Radial Cap, Thru-Hole; 2 Leads; 0.3 in Pin Spacing"; VariantName = "[No Variations]"
Add component (AddParameter): Name = "PackageReference"; Value = "RAD-0.3"; VariantName = "[No Variations]"
Add component (AddParameter): Name = "Published"; Value = "8-Jun-2000"; VariantName = "[No Variations]"
Add component (AddParameter): Name = "Publisher"; Value = "Altium Limited"; VariantName = "[No Variations]"
Add component (AddParameter): Name = "Value"; Value = "0.1u"; VariantName = "[No Variations]"
Added Component: Designator=C11(0402_Res)
Add component (AddParameter): Name = "LatestRevisionDate"; Value = "17-Jul-2002"; VariantName = "[No Variations]"
Add component (AddParameter): Name = "LatestRevisionNote"; Value = "Re-released for DXP Platform."; VariantName = "[No Variations]"
Add component (AddParameter): Name = "PackageDescription"; Value = "Radial Cap, Thru-Hole; 2 Leads; 0.3 in Pin Spacing"; VariantName = "[No Variations]"
Add component (AddParameter): Name = "PackageReference"; Value = "RAD-0.3"; VariantName = "[No Variations]"
Add component (AddParameter): Name = "Published"; Value = "8-Jun-2000"; VariantName = "[No Variations]"
Add component (AddParameter): Name = "Publisher"; Value = "Altium Limited"; VariantName = "[No Variations]"
Add component (AddParameter): Name = "Value"; Value = "0.1u"; VariantName = "[No Variations]"
Added Component: Designator=C12(0402_Res)
Add component (AddParameter): Name = "LatestRevisionDate"; Value = "17-Jul-2002"; VariantName = "[No Variations]"
Add component (AddParameter): Name = "LatestRevisionNote"; Value = "Re-released for DXP Platform."; VariantName = "[No Variations]"
Add component (AddParameter): Name = "PackageDescription"; Value = "Radial Cap, Thru-Hole; 2 Leads; 0.3 in Pin Spacing"; VariantName = "[No Variations]"
Add component (AddParameter): Name = "PackageReference"; Value = "RAD-0.3"; VariantName = "[No Variations]"
Add component (AddParameter): Name = "Published"; Value = "8-Jun-2000"; VariantName = "[No Variations]"
Add component (AddParameter): Name = "Publisher"; Value = "Altium Limited"; VariantName = "[No Variations]"
Add component (AddParameter): Name = "Value"; Value = "0.1u"; VariantName = "[No Variations]"
Added Component: Designator=C13(0402_Res)
Add component (AddParameter): Name = "LatestRevisionDate"; Value = "17-Jul-2002"; VariantName = "[No Variations]"
Add component (AddParameter): Name = "LatestRevisionNote"; Value = "Re-released for DXP Platform."; VariantName = "[No Variations]"
Add component (AddParameter): Name = "PackageDescription"; Value = "Radial Cap, Thru-Hole; 2 Leads; 0.3 in Pin Spacing"; VariantName = "[No Variations]"
Add component (AddParameter): Name = "PackageReference"; Value = "RAD-0.3"; VariantName = "[No Variations]"
Add component (AddParameter): Name = "Published"; Value = "8-Jun-2000"; VariantName = "[No Variations]"
Add component (AddParameter): Name = "Publisher"; Value = "Altium Limited"; VariantName = "[No Variations]"
Add component (AddParameter): Name = "Value"; Value = "0.1u"; VariantName = "[No Variations]"
Added Component: Designator=C14(0402_Res)
Add component (AddParameter): Name = "LatestRevisionDate"; Value = "17-Jul-2002"; VariantName = "[No Variations]"
Add component (AddParameter): Name = "LatestRevisionNote"; Value = "Re-released for DXP Platform."; VariantName = "[No Variations]"
Add component (AddParameter): Name = "PackageDescription"; Value = "Radial Cap, Thru-Hole; 2 Leads; 0.3 in Pin Spacing"; VariantName = "[No Variations]"
Add component (AddParameter): Name = "PackageReference"; Value = "RAD-0.3"; VariantName = "[No Variations]"
Add component (AddParameter): Name = "Published"; Value = "8-Jun-2000"; VariantName = "[No Variations]"
Add component (AddParameter): Name = "Publisher"; Value = "Altium Limited"; VariantName = "[No Variations]"
Add component (AddParameter): Name = "Value"; Value = "0.1u"; VariantName = "[No Variations]"
Added Component: Designator=C15(0402_Res)
Add component (AddParameter): Name = "LatestRevisionDate"; Value = "17-Jul-2002"; VariantName = "[No Variations]"
Add component (AddParameter): Name = "LatestRevisionNote"; Value = "Re-released for DXP Platform."; VariantName = "[No Variations]"
Add component (AddParameter): Name = "PackageDescription"; Value = "Radial Cap, Thru-Hole; 2 Leads; 0.3 in Pin Spacing"; VariantName = "[No Variations]"
Add component (AddParameter): Name = "PackageReference"; Value = "RAD-0.3"; VariantName = "[No Variations]"
Add component (AddParameter): Name = "Published"; Value = "8-Jun-2000"; VariantName = "[No Variations]"
Add component (AddParameter): Name = "Publisher"; Value = "Altium Limited"; VariantName = "[No Variations]"
Add component (AddParameter): Name = "Value"; Value = "0.1u"; VariantName = "[No Variations]"
Added Component: Designator=C18(0402_Res)
Add component (AddParameter): Name = "LatestRevisionDate"; Value = "17-Jul-2002"; VariantName = "[No Variations]"
Add component (AddParameter): Name = "LatestRevisionNote"; Value = "Re-released for DXP Platform."; VariantName = "[No Variations]"
Add component (AddParameter): Name = "PackageDescription"; Value = "Radial Cap, Thru-Hole; 2 Leads; 0.3 in Pin Spacing"; VariantName = "[No Variations]"
Add component (AddParameter): Name = "PackageReference"; Value = "RAD-0.3"; VariantName = "[No Variations]"
Add component (AddParameter): Name = "Published"; Value = "8-Jun-2000"; VariantName = "[No Variations]"
Add component (AddParameter): Name = "Publisher"; Value = "Altium Limited"; VariantName = "[No Variations]"
Add component (AddParameter): Name = "Value"; Value = "39p"; VariantName = "[No Variations]"
Added Component: Designator=C19(0402_Res)
Add component (AddParameter): Name = "LatestRevisionDate"; Value = "17-Jul-2002"; VariantName = "[No Variations]"
Add component (AddParameter): Name = "LatestRevisionNote"; Value = "Re-released for DXP Platform."; VariantName = "[No Variations]"
Add component (AddParameter): Name = "PackageDescription"; Value = "Radial Cap, Thru-Hole; 2 Leads; 0.3 in Pin Spacing"; VariantName = "[No Variations]"
Add component (AddParameter): Name = "PackageReference"; Value = "RAD-0.3"; VariantName = "[No Variations]"
Add component (AddParameter): Name = "Published"; Value = "8-Jun-2000"; VariantName = "[No Variations]"
Add component (AddParameter): Name = "Publisher"; Value = "Altium Limited"; VariantName = "[No Variations]"
Add component (AddParameter): Name = "Value"; Value = "39p"; VariantName = "[No Variations]"
Added Component: Designator=C22_U_PGA_Block1(0402_Res)
Add component (AddParameter): Name = "LatestRevisionDate"; Value = "17-Jul-2002"; VariantName = "[No Variations]"
Add component (AddParameter): Name = "LatestRevisionNote"; Value = "Re-released for DXP Platform."; VariantName = "[No Variations]"
Add component (AddParameter): Name = "PackageDescription"; Value = "Radial Cap, Thru-Hole; 2 Leads; 0.3 in Pin Spacing"; VariantName = "[No Variations]"
Add component (AddParameter): Name = "PackageReference"; Value = "RAD-0.3"; VariantName = "[No Variations]"
Add component (AddParameter): Name = "Published"; Value = "8-Jun-2000"; VariantName = "[No Variations]"
Add component (AddParameter): Name = "Publisher"; Value = "Altium Limited"; VariantName = "[No Variations]"
Add component (AddParameter): Name = "Value"; Value = "0.1u"; VariantName = "[No Variations]"
Added Component: Designator=C22_U_PGA_Block2(0402_Res)
Add component (AddParameter): Name = "LatestRevisionDate"; Value = "17-Jul-2002"; VariantName = "[No Variations]"
Add component (AddParameter): Name = "LatestRevisionNote"; Value = "Re-released for DXP Platform."; VariantName = "[No Variations]"
Add component (AddParameter): Name = "PackageDescription"; Value = "Radial Cap, Thru-Hole; 2 Leads; 0.3 in Pin Spacing"; VariantName = "[No Variations]"
Add component (AddParameter): Name = "PackageReference"; Value = "RAD-0.3"; VariantName = "[No Variations]"
Add component (AddParameter): Name = "Published"; Value = "8-Jun-2000"; VariantName = "[No Variations]"
Add component (AddParameter): Name = "Publisher"; Value = "Altium Limited"; VariantName = "[No Variations]"
Add component (AddParameter): Name = "Value"; Value = "0.1u"; VariantName = "[No Variations]"
Added Component: Designator=C22_U_PGA_Block3(0402_Res)
Add component (AddParameter): Name = "LatestRevisionDate"; Value = "17-Jul-2002"; VariantName = "[No Variations]"
Add component (AddParameter): Name = "LatestRevisionNote"; Value = "Re-released for DXP Platform."; VariantName = "[No Variations]"
Add component (AddParameter): Name = "PackageDescription"; Value = "Radial Cap, Thru-Hole; 2 Leads; 0.3 in Pin Spacing"; VariantName = "[No Variations]"
Add component (AddParameter): Name = "PackageReference"; Value = "RAD-0.3"; VariantName = "[No Variations]"
Add component (AddParameter): Name = "Published"; Value = "8-Jun-2000"; VariantName = "[No Variations]"
Add component (AddParameter): Name = "Publisher"; Value = "Altium Limited"; VariantName = "[No Variations]"
Add component (AddParameter): Name = "Value"; Value = "0.1u"; VariantName = "[No Variations]"
Added Component: Designator=C22_U_PGA_Block4(0402_Res)
Add component (AddParameter): Name = "LatestRevisionDate"; Value = "17-Jul-2002"; VariantName = "[No Variations]"
Add component (AddParameter): Name = "LatestRevisionNote"; Value = "Re-released for DXP Platform."; VariantName = "[No Variations]"
Add component (AddParameter): Name = "PackageDescription"; Value = "Radial Cap, Thru-Hole; 2 Leads; 0.3 in Pin Spacing"; VariantName = "[No Variations]"
Add component (AddParameter): Name = "PackageReference"; Value = "RAD-0.3"; VariantName = "[No Variations]"
Add component (AddParameter): Name = "Published"; Value = "8-Jun-2000"; VariantName = "[No Variations]"
Add component (AddParameter): Name = "Publisher"; Value = "Altium Limited"; VariantName = "[No Variations]"
Add component (AddParameter): Name = "Value"; Value = "0.1u"; VariantName = "[No Variations]"
Added Component: Designator=C27(0402_Res)
Add component (AddParameter): Name = "LatestRevisionDate"; Value = "17-Jul-2002"; VariantName = "[No Variations]"
Add component (AddParameter): Name = "LatestRevisionNote"; Value = "Re-released for DXP Platform."; VariantName = "[No Variations]"
Add component (AddParameter): Name = "PackageDescription"; Value = "Radial Cap, Thru-Hole; 2 Leads; 0.3 in Pin Spacing"; VariantName = "[No Variations]"
Add component (AddParameter): Name = "PackageReference"; Value = "RAD-0.3"; VariantName = "[No Variations]"
Add component (AddParameter): Name = "Published"; Value = "8-Jun-2000"; VariantName = "[No Variations]"
Add component (AddParameter): Name = "Publisher"; Value = "Altium Limited"; VariantName = "[No Variations]"
Add component (AddParameter): Name = "Value"; Value = "10u"; VariantName = "[No Variations]"
Added Component: Designator=C28(0402_Res)
Add component (AddParameter): Name = "LatestRevisionDate"; Value = "17-Jul-2002"; VariantName = "[No Variations]"
Add component (AddParameter): Name = "LatestRevisionNote"; Value = "Re-released for DXP Platform."; VariantName = "[No Variations]"
Add component (AddParameter): Name = "PackageDescription"; Value = "Radial Cap, Thru-Hole; 2 Leads; 0.3 in Pin Spacing"; VariantName = "[No Variations]"
Add component (AddParameter): Name = "PackageReference"; Value = "RAD-0.3"; VariantName = "[No Variations]"
Add component (AddParameter): Name = "Published"; Value = "8-Jun-2000"; VariantName = "[No Variations]"
Add component (AddParameter): Name = "Publisher"; Value = "Altium Limited"; VariantName = "[No Variations]"
Add component (AddParameter): Name = "Value"; Value = "0.1u"; VariantName = "[No Variations]"
Added Component: Designator=C29(0402_Res)
Add component (AddParameter): Name = "LatestRevisionDate"; Value = "17-Jul-2002"; VariantName = "[No Variations]"
Add component (AddParameter): Name = "LatestRevisionNote"; Value = "Re-released for DXP Platform."; VariantName = "[No Variations]"
Add component (AddParameter): Name = "PackageDescription"; Value = "Radial Cap, Thru-Hole; 2 Leads; 0.3 in Pin Spacing"; VariantName = "[No Variations]"
Add component (AddParameter): Name = "PackageReference"; Value = "RAD-0.3"; VariantName = "[No Variations]"
Add component (AddParameter): Name = "Published"; Value = "8-Jun-2000"; VariantName = "[No Variations]"
Add component (AddParameter): Name = "Publisher"; Value = "Altium Limited"; VariantName = "[No Variations]"
Add component (AddParameter): Name = "Value"; Value = "10u"; VariantName = "[No Variations]"
Added Component: Designator=C30(0402_Res)
Add component (AddParameter): Name = "LatestRevisionDate"; Value = "17-Jul-2002"; VariantName = "[No Variations]"
Add component (AddParameter): Name = "LatestRevisionNote"; Value = "Re-released for DXP Platform."; VariantName = "[No Variations]"
Add component (AddParameter): Name = "PackageDescription"; Value = "Radial Cap, Thru-Hole; 2 Leads; 0.3 in Pin Spacing"; VariantName = "[No Variations]"
Add component (AddParameter): Name = "PackageReference"; Value = "RAD-0.3"; VariantName = "[No Variations]"
Add component (AddParameter): Name = "Published"; Value = "8-Jun-2000"; VariantName = "[No Variations]"
Add component (AddParameter): Name = "Publisher"; Value = "Altium Limited"; VariantName = "[No Variations]"
Add component (AddParameter): Name = "Value"; Value = "0.1u"; VariantName = "[No Variations]"
Added Component: Designator=J1(STX-3000)
Add component (AddParameter): Name = "Supplier 1"; Value = "DigiKey"; VariantName = "[No Variations]"
Add component (AddParameter): Name = "Supplier Part Number 1"; Value = "2092-STX-3000-ND"; VariantName = "[No Variations]"
Added Component: Designator=J2(STX-3000)
Add component (AddParameter): Name = "Supplier 1"; Value = "DigiKey"; VariantName = "[No Variations]"
Add component (AddParameter): Name = "Supplier Part Number 1"; Value = "2092-STX-3000-ND"; VariantName = "[No Variations]"
Added Component: Designator=J3(STX-3000)
Add component (AddParameter): Name = "Supplier 1"; Value = "DigiKey"; VariantName = "[No Variations]"
Add component (AddParameter): Name = "Supplier Part Number 1"; Value = "2092-STX-3000-ND"; VariantName = "[No Variations]"
Added Component: Designator=J4(STX-3000)
Add component (AddParameter): Name = "Supplier 1"; Value = "DigiKey"; VariantName = "[No Variations]"
Add component (AddParameter): Name = "Supplier Part Number 1"; Value = "2092-STX-3000-ND"; VariantName = "[No Variations]"
Added Component: Designator=P1(HDR1X7)
Add component (AddParameter): Name = "LatestRevisionDate"; Value = "17-Jul-2002"; VariantName = "[No Variations]"
Add component (AddParameter): Name = "LatestRevisionNote"; Value = "Re-released for DXP Platform."; VariantName = "[No Variations]"
Add component (AddParameter): Name = "Publisher"; Value = "Altium Limited"; VariantName = "[No Variations]"
Added Component: Designator=R1(0402_Res)
Add component (AddParameter): Name = "LatestRevisionDate"; Value = "17-Jul-2002"; VariantName = "[No Variations]"
Add component (AddParameter): Name = "LatestRevisionNote"; Value = "Re-released for DXP Platform."; VariantName = "[No Variations]"
Add component (AddParameter): Name = "PackageDescription"; Value = "Axial Device, Thru-Hole; 2 Leads; 0.3 in Pin Spacing"; VariantName = "[No Variations]"
Add component (AddParameter): Name = "PackageReference"; Value = "AXIAL-0.3"; VariantName = "[No Variations]"
Add component (AddParameter): Name = "Published"; Value = "8-Jun-2000"; VariantName = "[No Variations]"
Add component (AddParameter): Name = "Publisher"; Value = "Altium Limited"; VariantName = "[No Variations]"
Add component (AddParameter): Name = "Value"; Value = "1M"; VariantName = "[No Variations]"
Added Component: Designator=R2(0402_Res)
Add component (AddParameter): Name = "LatestRevisionDate"; Value = "17-Jul-2002"; VariantName = "[No Variations]"
Add component (AddParameter): Name = "LatestRevisionNote"; Value = "Re-released for DXP Platform."; VariantName = "[No Variations]"
Add component (AddParameter): Name = "PackageDescription"; Value = "Axial Device, Thru-Hole; 2 Leads; 0.3 in Pin Spacing"; VariantName = "[No Variations]"
Add component (AddParameter): Name = "PackageReference"; Value = "AXIAL-0.3"; VariantName = "[No Variations]"
Add component (AddParameter): Name = "Published"; Value = "8-Jun-2000"; VariantName = "[No Variations]"
Add component (AddParameter): Name = "Publisher"; Value = "Altium Limited"; VariantName = "[No Variations]"
Add component (AddParameter): Name = "Value"; Value = "4.7k"; VariantName = "[No Variations]"
Added Component: Designator=R3(0402_Res)
Add component (AddParameter): Name = "LatestRevisionDate"; Value = "17-Jul-2002"; VariantName = "[No Variations]"
Add component (AddParameter): Name = "LatestRevisionNote"; Value = "Re-released for DXP Platform."; VariantName = "[No Variations]"
Add component (AddParameter): Name = "PackageDescription"; Value = "Axial Device, Thru-Hole; 2 Leads; 0.3 in Pin Spacing"; VariantName = "[No Variations]"
Add component (AddParameter): Name = "PackageReference"; Value = "AXIAL-0.3"; VariantName = "[No Variations]"
Add component (AddParameter): Name = "Published"; Value = "8-Jun-2000"; VariantName = "[No Variations]"
Add component (AddParameter): Name = "Publisher"; Value = "Altium Limited"; VariantName = "[No Variations]"
Add component (AddParameter): Name = "Value"; Value = "1.91k"; VariantName = "[No Variations]"
Added Component: Designator=R4(0402_Res)
Add component (AddParameter): Name = "LatestRevisionDate"; Value = "17-Jul-2002"; VariantName = "[No Variations]"
Add component (AddParameter): Name = "LatestRevisionNote"; Value = "Re-released for DXP Platform."; VariantName = "[No Variations]"
Add component (AddParameter): Name = "PackageDescription"; Value = "Axial Device, Thru-Hole; 2 Leads; 0.3 in Pin Spacing"; VariantName = "[No Variations]"
Add component (AddParameter): Name = "PackageReference"; Value = "AXIAL-0.3"; VariantName = "[No Variations]"
Add component (AddParameter): Name = "Published"; Value = "8-Jun-2000"; VariantName = "[No Variations]"
Add component (AddParameter): Name = "Publisher"; Value = "Altium Limited"; VariantName = "[No Variations]"
Add component (AddParameter): Name = "Value"; Value = "4.7k"; VariantName = "[No Variations]"
Added Component: Designator=R5(0402_Res)
Add component (AddParameter): Name = "LatestRevisionDate"; Value = "17-Jul-2002"; VariantName = "[No Variations]"
Add component (AddParameter): Name = "LatestRevisionNote"; Value = "Re-released for DXP Platform."; VariantName = "[No Variations]"
Add component (AddParameter): Name = "PackageDescription"; Value = "Axial Device, Thru-Hole; 2 Leads; 0.3 in Pin Spacing"; VariantName = "[No Variations]"
Add component (AddParameter): Name = "PackageReference"; Value = "AXIAL-0.3"; VariantName = "[No Variations]"
Add component (AddParameter): Name = "Published"; Value = "8-Jun-2000"; VariantName = "[No Variations]"
Add component (AddParameter): Name = "Publisher"; Value = "Altium Limited"; VariantName = "[No Variations]"
Add component (AddParameter): Name = "Value"; Value = "0"; VariantName = "[No Variations]"
Added Component: Designator=R6(0402_Res)
Add component (AddParameter): Name = "LatestRevisionDate"; Value = "17-Jul-2002"; VariantName = "[No Variations]"
Add component (AddParameter): Name = "LatestRevisionNote"; Value = "Re-released for DXP Platform."; VariantName = "[No Variations]"
Add component (AddParameter): Name = "PackageDescription"; Value = "Axial Device, Thru-Hole; 2 Leads; 0.3 in Pin Spacing"; VariantName = "[No Variations]"
Add component (AddParameter): Name = "PackageReference"; Value = "AXIAL-0.3"; VariantName = "[No Variations]"
Add component (AddParameter): Name = "Published"; Value = "8-Jun-2000"; VariantName = "[No Variations]"
Add component (AddParameter): Name = "Publisher"; Value = "Altium Limited"; VariantName = "[No Variations]"
Add component (AddParameter): Name = "Value"; Value = "4.7k"; VariantName = "[No Variations]"
Added Component: Designator=R7_U_Current_Measure1(0402_Res)
Add component (AddParameter): Name = "LatestRevisionDate"; Value = "17-Jul-2002"; VariantName = "[No Variations]"
Add component (AddParameter): Name = "LatestRevisionNote"; Value = "Re-released for DXP Platform."; VariantName = "[No Variations]"
Add component (AddParameter): Name = "PackageDescription"; Value = "Axial Device, Thru-Hole; 2 Leads; 0.3 in Pin Spacing"; VariantName = "[No Variations]"
Add component (AddParameter): Name = "PackageReference"; Value = "AXIAL-0.3"; VariantName = "[No Variations]"
Add component (AddParameter): Name = "Published"; Value = "8-Jun-2000"; VariantName = "[No Variations]"
Add component (AddParameter): Name = "Publisher"; Value = "Altium Limited"; VariantName = "[No Variations]"
Add component (AddParameter): Name = "Value"; Value = "10"; VariantName = "[No Variations]"
Added Component: Designator=R7_U_Current_Measure2(0402_Res)
Add component (AddParameter): Name = "LatestRevisionDate"; Value = "17-Jul-2002"; VariantName = "[No Variations]"
Add component (AddParameter): Name = "LatestRevisionNote"; Value = "Re-released for DXP Platform."; VariantName = "[No Variations]"
Add component (AddParameter): Name = "PackageDescription"; Value = "Axial Device, Thru-Hole; 2 Leads; 0.3 in Pin Spacing"; VariantName = "[No Variations]"
Add component (AddParameter): Name = "PackageReference"; Value = "AXIAL-0.3"; VariantName = "[No Variations]"
Add component (AddParameter): Name = "Published"; Value = "8-Jun-2000"; VariantName = "[No Variations]"
Add component (AddParameter): Name = "Publisher"; Value = "Altium Limited"; VariantName = "[No Variations]"
Add component (AddParameter): Name = "Value"; Value = "10"; VariantName = "[No Variations]"
Added Component: Designator=R7_U_Current_Measure3(0402_Res)
Add component (AddParameter): Name = "LatestRevisionDate"; Value = "17-Jul-2002"; VariantName = "[No Variations]"
Add component (AddParameter): Name = "LatestRevisionNote"; Value = "Re-released for DXP Platform."; VariantName = "[No Variations]"
Add component (AddParameter): Name = "PackageDescription"; Value = "Axial Device, Thru-Hole; 2 Leads; 0.3 in Pin Spacing"; VariantName = "[No Variations]"
Add component (AddParameter): Name = "PackageReference"; Value = "AXIAL-0.3"; VariantName = "[No Variations]"
Add component (AddParameter): Name = "Published"; Value = "8-Jun-2000"; VariantName = "[No Variations]"
Add component (AddParameter): Name = "Publisher"; Value = "Altium Limited"; VariantName = "[No Variations]"
Add component (AddParameter): Name = "Value"; Value = "10"; VariantName = "[No Variations]"
Added Component: Designator=R7_U_Current_Measure4(0402_Res)
Add component (AddParameter): Name = "LatestRevisionDate"; Value = "17-Jul-2002"; VariantName = "[No Variations]"
Add component (AddParameter): Name = "LatestRevisionNote"; Value = "Re-released for DXP Platform."; VariantName = "[No Variations]"
Add component (AddParameter): Name = "PackageDescription"; Value = "Axial Device, Thru-Hole; 2 Leads; 0.3 in Pin Spacing"; VariantName = "[No Variations]"
Add component (AddParameter): Name = "PackageReference"; Value = "AXIAL-0.3"; VariantName = "[No Variations]"
Add component (AddParameter): Name = "Published"; Value = "8-Jun-2000"; VariantName = "[No Variations]"
Add component (AddParameter): Name = "Publisher"; Value = "Altium Limited"; VariantName = "[No Variations]"
Add component (AddParameter): Name = "Value"; Value = "10"; VariantName = "[No Variations]"
Added Component: Designator=T1(108E)
Add component (AddParameter): Name = "Supplier 1"; Value = "DigiKey"; VariantName = "[No Variations]"
Add component (AddParameter): Name = "Supplier Part Number 1"; Value = "HM2380-ND"; VariantName = "[No Variations]"
Added Component: Designator=T2(108E)
Add component (AddParameter): Name = "Supplier 1"; Value = "DigiKey"; VariantName = "[No Variations]"
Add component (AddParameter): Name = "Supplier Part Number 1"; Value = "HM2380-ND"; VariantName = "[No Variations]"
Added Component: Designator=T3(108E)
Add component (AddParameter): Name = "Supplier 1"; Value = "DigiKey"; VariantName = "[No Variations]"
Add component (AddParameter): Name = "Supplier Part Number 1"; Value = "HM2380-ND"; VariantName = "[No Variations]"
Added Component: Designator=T4(108E)
Add component (AddParameter): Name = "Supplier 1"; Value = "DigiKey"; VariantName = "[No Variations]"
Add component (AddParameter): Name = "Supplier Part Number 1"; Value = "HM2380-ND"; VariantName = "[No Variations]"
Added Component: Designator=U1(ADI-CP-56-1_L)
Add component (AddParameter): Name = "Code_JEDEC"; Value = "MO-220-VLLD-2"; VariantName = "[No Variations]"
Add component (AddParameter): Name = "Compliance Range (V)"; Value = "2.3V"; VariantName = "[No Variations]"
Add component (AddParameter): Name = "ComponentLink1Description"; Value = "Manufacturer URL"; VariantName = "[No Variations]"
Add component (AddParameter): Name = "ComponentLink1URL"; Value = "www.analog.com"; VariantName = "[No Variations]"
Add component (AddParameter): Name = "ComponentLink2Description"; Value = "Datasheet"; VariantName = "[No Variations]"
Add component (AddParameter): Name = "ComponentLink2URL"; Value = "http://www.analog.com/static/imported-files/data_sheets/AD9959.pdf"; VariantName = "[No Variations]"
Add component (AddParameter): Name = "ComponentLink3Description"; Value = "Package Specification"; VariantName = "[No Variations]"
Add component (AddParameter): Name = "ComponentLink3URL"; Value = "http://www.analog.com/static/imported-files/packages/32698137492825CP_56_1.pdf"; VariantName = "[No Variations]"
Add component (AddParameter): Name = "DatasheetVersion"; Value = "Rev. B"; VariantName = "[No Variations]"
Add component (AddParameter): Name = "FS Iout (mA nom)"; Value = "10mA"; VariantName = "[No Variations]"
Add component (AddParameter): Name = "I Supply total (max)"; Value = "180mA"; VariantName = "[No Variations]"
Add component (AddParameter): Name = "I/O Interface"; Value = "Serial"; VariantName = "[No Variations]"
Add component (AddParameter): Name = "Master fclk"; Value = "500MHz"; VariantName = "[No Variations]"
Add component (AddParameter): Name = "PackageDescription"; Value = "56-Lead Lead Frame Chip Scale Package [LFCSP_VQ]"; VariantName = "[No Variations]"
Add component (AddParameter): Name = "PackageReference"; Value = "CP-56-1"; VariantName = "[No Variations]"
Add component (AddParameter): Name = "PackageVersion"; Value = "112805-0"; VariantName = "[No Variations]"
Add component (AddParameter): Name = "REFCLK Multiplier"; Value = "Yes"; VariantName = "[No Variations]"
Add component (AddParameter): Name = "Resolution (Bits)"; Value = "10bit"; VariantName = "[No Variations]"
Add component (AddParameter): Name = "Tuning Word Width (bits)"; Value = "32bit"; VariantName = "[No Variations]"
Added Component: Designator=U2_U_Current_Measure1(SON65P350X100_HS-9N)
Add component (AddParameter): Name = "Supplier 1"; Value = "DigiKey"; VariantName = "[No Variations]"
Add component (AddParameter): Name = "Supplier Part Number 1"; Value = "296-AMC0106M05DENRCT-ND"; VariantName = "[No Variations]"
Added Component: Designator=U2_U_Current_Measure2(SON65P350X100_HS-9N)
Add component (AddParameter): Name = "Supplier 1"; Value = "DigiKey"; VariantName = "[No Variations]"
Add component (AddParameter): Name = "Supplier Part Number 1"; Value = "296-AMC0106M05DENRCT-ND"; VariantName = "[No Variations]"
Added Component: Designator=U2_U_Current_Measure3(SON65P350X100_HS-9N)
Add component (AddParameter): Name = "Supplier 1"; Value = "DigiKey"; VariantName = "[No Variations]"
Add component (AddParameter): Name = "Supplier Part Number 1"; Value = "296-AMC0106M05DENRCT-ND"; VariantName = "[No Variations]"
Added Component: Designator=U2_U_Current_Measure4(SON65P350X100_HS-9N)
Add component (AddParameter): Name = "Supplier 1"; Value = "DigiKey"; VariantName = "[No Variations]"
Add component (AddParameter): Name = "Supplier Part Number 1"; Value = "296-AMC0106M05DENRCT-ND"; VariantName = "[No Variations]"
Added Component: Designator=U3(FP-SOT-223-0046067_14-MFG)
Add component (AddParameter): Name = "Accuracy Percentage"; Value = "2%"; VariantName = "[No Variations]"
Add component (AddParameter): Name = "Automotive"; Value = "No"; VariantName = "[No Variations]"
Add component (AddParameter): Name = "Category"; Value = "IC"; VariantName = "[No Variations]"
Add component (AddParameter): Name = "ComponentLink2Description"; Value = "Datasheet"; VariantName = "[No Variations]"
Add component (AddParameter): Name = "ComponentLink2URL"; Value = "https://www.st.com/content/ccc/resource/technical/document/datasheet/group3/0e/5a/00/ca/10/1a/4f/a5/DM00366442/files/DM00366442.pdf/jcr:content/translations/en.DM00366442.pdf"; VariantName = "[No Variations]"
Add component (AddParameter): Name = "Device Class L1"; Value = "Integrated Circuits (ICs)"; VariantName = "[No Variations]"
Add component (AddParameter): Name = "Device Class L2"; Value = "Power Management ICs"; VariantName = "[No Variations]"
Add component (AddParameter): Name = "Device Class L3"; Value = "Voltage Regulators - Linear"; VariantName = "[No Variations]"
Add component (AddParameter): Name = "Digikey Description"; Value = "IC REG LINEAR 5V 1.2A SOT223"; VariantName = "[No Variations]"
Add component (AddParameter): Name = "Dropout Voltage"; Value = "350mV"; VariantName = "[No Variations]"
Add component (AddParameter): Name = "Height"; Value = "1.9mm"; VariantName = "[No Variations]"
Add component (AddParameter): Name = "Lead Free"; Value = "Yes"; VariantName = "[No Variations]"
Add component (AddParameter): Name = "Manufacturer"; Value = "STMicroelectronics"; VariantName = "[No Variations]"
Add component (AddParameter): Name = "Manufacturer Part Number"; Value = "LDL1117S50R"; VariantName = "[No Variations]"
Add component (AddParameter): Name = "Max Junction Temp"; Value = "+150°C"; VariantName = "[No Variations]"
Add component (AddParameter): Name = "Max Supply Voltage"; Value = "18V"; VariantName = "[No Variations]"
Add component (AddParameter): Name = "Min Supply Voltage"; Value = "2.6V"; VariantName = "[No Variations]"
Add component (AddParameter): Name = "Mouser Description"; Value = "LDL1117 Series 1.2 A 5 V High PSRR LDO Linear Voltage Regulator - SOT-223"; VariantName = "[No Variations]"
Add component (AddParameter): Name = "Nominal Supply Current"; Value = "250uA"; VariantName = "[No Variations]"
Add component (AddParameter): Name = "Number Of Outputs"; Value = "1"; VariantName = "[No Variations]"
Add component (AddParameter): Name = "Octopart"; Value = "https://octopart.com/ldl1117s50r-stmicroelectronics-81876164"; VariantName = "[No Variations]"
Add component (AddParameter): Name = "Output Current"; Value = "2A"; VariantName = "[No Variations]"
Add component (AddParameter): Name = "Output Type"; Value = "Fixed"; VariantName = "[No Variations]"
Add component (AddParameter): Name = "Output Voltage"; Value = "5V"; VariantName = "[No Variations]"
Add component (AddParameter): Name = "Package"; Value = "SOT-223-0046067_14"; VariantName = "[No Variations]"
Add component (AddParameter): Name = "RoHS"; Value = "TRUE"; VariantName = "[No Variations]"
Add component (AddParameter): Name = "Standoff Height"; Value = "0.02mm"; VariantName = "[No Variations]"
Add component (AddParameter): Name = "Temperature"; Value = "-40°C to +125°C"; VariantName = "[No Variations]"
Add component (AddParameter): Name = "Temperature Range High"; Value = "+125°C"; VariantName = "[No Variations]"
Add component (AddParameter): Name = "Temperature Range Low"; Value = "-40°C"; VariantName = "[No Variations]"
Added Component: Designator=U6_U_PGA_Block1(MSOP-MS8_N)
Add component (AddParameter): Name = "ComponentLink1Description"; Value = "Manufacturer URL"; VariantName = "[No Variations]"
Add component (AddParameter): Name = "ComponentLink1URL"; Value = "http://www.microchip.com/"; VariantName = "[No Variations]"
Add component (AddParameter): Name = "ComponentLink2Description"; Value = "Datasheet"; VariantName = "[No Variations]"
Add component (AddParameter): Name = "ComponentLink2URL"; Value = "http://ww1.microchip.com/downloads/en/DeviceDoc/21117a.pdf"; VariantName = "[No Variations]"
Add component (AddParameter): Name = "ComponentLink3Description"; Value = "Package Specification"; VariantName = "[No Variations]"
Add component (AddParameter): Name = "ComponentLink3URL"; Value = "http://www.microchip.com/stellent/groups/techpub_sg/documents/packagingspec/en012702.pdf"; VariantName = "[No Variations]"
Add component (AddParameter): Name = "DatasheetVersion"; Value = "revA, Mar-2003"; VariantName = "[No Variations]"
Add component (AddParameter): Name = "PackageDescription"; Value = "8-Lead Plastic Micro Small Outline Package (MS) [MSOP]"; VariantName = "[No Variations]"
Add component (AddParameter): Name = "PackageReference"; Value = "MSOP-MS8"; VariantName = "[No Variations]"
Add component (AddParameter): Name = "PackageVersion"; Value = "revBB, Aug-2009"; VariantName = "[No Variations]"
Add component (AddParameter): Name = "RevisionNote"; Value = "URLs added."; VariantName = "[No Variations]"
Added Component: Designator=U6_U_PGA_Block2(MSOP-MS8_N)
Add component (AddParameter): Name = "ComponentLink1Description"; Value = "Manufacturer URL"; VariantName = "[No Variations]"
Add component (AddParameter): Name = "ComponentLink1URL"; Value = "http://www.microchip.com/"; VariantName = "[No Variations]"
Add component (AddParameter): Name = "ComponentLink2Description"; Value = "Datasheet"; VariantName = "[No Variations]"
Add component (AddParameter): Name = "ComponentLink2URL"; Value = "http://ww1.microchip.com/downloads/en/DeviceDoc/21117a.pdf"; VariantName = "[No Variations]"
Add component (AddParameter): Name = "ComponentLink3Description"; Value = "Package Specification"; VariantName = "[No Variations]"
Add component (AddParameter): Name = "ComponentLink3URL"; Value = "http://www.microchip.com/stellent/groups/techpub_sg/documents/packagingspec/en012702.pdf"; VariantName = "[No Variations]"
Add component (AddParameter): Name = "DatasheetVersion"; Value = "revA, Mar-2003"; VariantName = "[No Variations]"
Add component (AddParameter): Name = "PackageDescription"; Value = "8-Lead Plastic Micro Small Outline Package (MS) [MSOP]"; VariantName = "[No Variations]"
Add component (AddParameter): Name = "PackageReference"; Value = "MSOP-MS8"; VariantName = "[No Variations]"
Add component (AddParameter): Name = "PackageVersion"; Value = "revBB, Aug-2009"; VariantName = "[No Variations]"
Add component (AddParameter): Name = "RevisionNote"; Value = "URLs added."; VariantName = "[No Variations]"
Added Component: Designator=U6_U_PGA_Block3(MSOP-MS8_N)
Add component (AddParameter): Name = "ComponentLink1Description"; Value = "Manufacturer URL"; VariantName = "[No Variations]"
Add component (AddParameter): Name = "ComponentLink1URL"; Value = "http://www.microchip.com/"; VariantName = "[No Variations]"
Add component (AddParameter): Name = "ComponentLink2Description"; Value = "Datasheet"; VariantName = "[No Variations]"
Add component (AddParameter): Name = "ComponentLink2URL"; Value = "http://ww1.microchip.com/downloads/en/DeviceDoc/21117a.pdf"; VariantName = "[No Variations]"
Add component (AddParameter): Name = "ComponentLink3Description"; Value = "Package Specification"; VariantName = "[No Variations]"
Add component (AddParameter): Name = "ComponentLink3URL"; Value = "http://www.microchip.com/stellent/groups/techpub_sg/documents/packagingspec/en012702.pdf"; VariantName = "[No Variations]"
Add component (AddParameter): Name = "DatasheetVersion"; Value = "revA, Mar-2003"; VariantName = "[No Variations]"
Add component (AddParameter): Name = "PackageDescription"; Value = "8-Lead Plastic Micro Small Outline Package (MS) [MSOP]"; VariantName = "[No Variations]"
Add component (AddParameter): Name = "PackageReference"; Value = "MSOP-MS8"; VariantName = "[No Variations]"
Add component (AddParameter): Name = "PackageVersion"; Value = "revBB, Aug-2009"; VariantName = "[No Variations]"
Add component (AddParameter): Name = "RevisionNote"; Value = "URLs added."; VariantName = "[No Variations]"
Added Component: Designator=U6_U_PGA_Block4(MSOP-MS8_N)
Add component (AddParameter): Name = "ComponentLink1Description"; Value = "Manufacturer URL"; VariantName = "[No Variations]"
Add component (AddParameter): Name = "ComponentLink1URL"; Value = "http://www.microchip.com/"; VariantName = "[No Variations]"
Add component (AddParameter): Name = "ComponentLink2Description"; Value = "Datasheet"; VariantName = "[No Variations]"
Add component (AddParameter): Name = "ComponentLink2URL"; Value = "http://ww1.microchip.com/downloads/en/DeviceDoc/21117a.pdf"; VariantName = "[No Variations]"
Add component (AddParameter): Name = "ComponentLink3Description"; Value = "Package Specification"; VariantName = "[No Variations]"
Add component (AddParameter): Name = "ComponentLink3URL"; Value = "http://www.microchip.com/stellent/groups/techpub_sg/documents/packagingspec/en012702.pdf"; VariantName = "[No Variations]"
Add component (AddParameter): Name = "DatasheetVersion"; Value = "revA, Mar-2003"; VariantName = "[No Variations]"
Add component (AddParameter): Name = "PackageDescription"; Value = "8-Lead Plastic Micro Small Outline Package (MS) [MSOP]"; VariantName = "[No Variations]"
Add component (AddParameter): Name = "PackageReference"; Value = "MSOP-MS8"; VariantName = "[No Variations]"
Add component (AddParameter): Name = "PackageVersion"; Value = "revBB, Aug-2009"; VariantName = "[No Variations]"
Add component (AddParameter): Name = "RevisionNote"; Value = "URLs added."; VariantName = "[No Variations]"
Added Component: Designator=U8(ADI-RM-10_M)
Add component (AddParameter): Name = "Code_JEDEC"; Value = "MO-187-BA"; VariantName = "[No Variations]"
Add component (AddParameter): Name = "Compliance Range (V)"; Value = "650mV"; VariantName = "[No Variations]"
Add component (AddParameter): Name = "ComponentLink1Description"; Value = "Manufacturer URL"; VariantName = "[No Variations]"
Add component (AddParameter): Name = "ComponentLink1URL"; Value = "www.analog.com"; VariantName = "[No Variations]"
Add component (AddParameter): Name = "ComponentLink2Description"; Value = "Datasheet"; VariantName = "[No Variations]"
Add component (AddParameter): Name = "ComponentLink2URL"; Value = "http://www.analog.com/static/imported-files/data_sheets/AD9833.pdf"; VariantName = "[No Variations]"
Add component (AddParameter): Name = "ComponentLink3Description"; Value = "Package Specification"; VariantName = "[No Variations]"
Add component (AddParameter): Name = "ComponentLink3URL"; Value = "http://www.analog.com/static/imported-files/packages/PKG_PDF/MSOP%28RM%29/RM_10.pdf"; VariantName = "[No Variations]"
Add component (AddParameter): Name = "DatasheetVersion"; Value = "Rev. D"; VariantName = "[No Variations]"
Add component (AddParameter): Name = "FS Iout (mA nom)"; Value = "3mA"; VariantName = "[No Variations]"
Add component (AddParameter): Name = "I Supply total (max)"; Value = "5.5mA"; VariantName = "[No Variations]"
Add component (AddParameter): Name = "I/O Interface"; Value = "Serial"; VariantName = "[No Variations]"
Add component (AddParameter): Name = "Master fclk"; Value = "25MHz"; VariantName = "[No Variations]"
Add component (AddParameter): Name = "PackageDescription"; Value = "10-Lead Mini Small Outline Package [MSOP]"; VariantName = "[No Variations]"
Add component (AddParameter): Name = "PackageReference"; Value = "RM-10"; VariantName = "[No Variations]"
Add component (AddParameter): Name = "PackageVersion"; Value = "5/8/2005"; VariantName = "[No Variations]"
Add component (AddParameter): Name = "REFCLK Multiplier"; Value = "No"; VariantName = "[No Variations]"
Add component (AddParameter): Name = "Resolution (Bits)"; Value = "10bit"; VariantName = "[No Variations]"
Add component (AddParameter): Name = "Tuning Word Width (bits)"; Value = "28bit"; VariantName = "[No Variations]"
Added Component: Designator=U?(RASPBERRY_PI_PICO)
Add component (AddParameter): Name = "Check_prices"; Value = "https://www.snapeda.com/parts/RASPBERRY%20PI%20PICO/Raspberry+Pi/view-part/?ref=eda"; VariantName = "[No Variations]"
Add component (AddParameter): Name = "MF"; Value = "Raspberry Pi"; VariantName = "[No Variations]"
Add component (AddParameter): Name = "MP"; Value = "RASPBERRY PI PICO"; VariantName = "[No Variations]"
Add component (AddParameter): Name = "Package"; Value = "None"; VariantName = "[No Variations]"
Add component (AddParameter): Name = "SnapEDA_Link"; Value = "https://www.snapeda.com/parts/RASPBERRY%20PI%20PICO/Raspberry+Pi/view-part/?ref=snap"; VariantName = "[No Variations]"
Add component (AddParameter): Name = "Value"; Value = ""; VariantName = "[No Variations]"
Added Component: Designator=X1(XTAL_Basic)
Add component (AddParameter): Name = "ComponentLink1Description"; Value = "New link"; VariantName = "[No Variations]"
Add component (AddParameter): Name = "ComponentLink1URL"; Value = ""; VariantName = "[No Variations]"
Add component (AddParameter): Name = "Supplier 1"; Value = "DigiKey"; VariantName = "[No Variations]"
Add component (AddParameter): Name = "Supplier Part Number 1"; Value = "SER3691CT-ND"; VariantName = "[No Variations]"
Add Pin To Net: Unknown Pin: Pin *-3
Add Pin To Net: Unknown Pin: Pin *-8
Add Pin To Net: Unknown Pin: Pin *-13
Add Pin To Net: Unknown Pin: Pin *-18
Add Pin To Net: Unknown Pin: Pin *-23
Add Pin To Net: Unknown Pin: Pin *-28
Add Pin To Net: Unknown Pin: Pin *-38
Added Pin To Net: NetName=NetC1_1 Pin=C1-1
Added Pin To Net: NetName=1V8 Pin=C1-2
Added Pin To Net: NetName=GND Pin=C2-1
Added Pin To Net: NetName=3V3 Pin=C2-2
Added Pin To Net: NetName=GND Pin=C3-1
Added Pin To Net: NetName=1V8 Pin=C3-2
Added Pin To Net: NetName=GND Pin=C4-1
Added Pin To Net: NetName=1V8 Pin=C4-2
Added Pin To Net: NetName=GND Pin=C5-1
Added Pin To Net: NetName=1V8 Pin=C5-2
Added Pin To Net: NetName=GND Pin=C6-1
Added Pin To Net: NetName=1V8 Pin=C6-2
Added Pin To Net: NetName=GND Pin=C7-1
Added Pin To Net: NetName=1V8 Pin=C7-2
Added Pin To Net: NetName=GND Pin=C8-1
Added Pin To Net: NetName=1V8 Pin=C8-2
Added Pin To Net: NetName=GND Pin=C9-1
Added Pin To Net: NetName=1V8 Pin=C9-2
Added Pin To Net: NetName=GND Pin=C10-1
Added Pin To Net: NetName=1V8 Pin=C10-2
Added Pin To Net: NetName=GND Pin=C11-1
Added Pin To Net: NetName=1V8 Pin=C11-2
Added Pin To Net: NetName=GND Pin=C12-1
Added Pin To Net: NetName=1V8 Pin=C12-2
Added Pin To Net: NetName=GND Pin=C13-1
Added Pin To Net: NetName=1V8 Pin=C13-2
Added Pin To Net: NetName=GND Pin=C14-1
Added Pin To Net: NetName=1V8 Pin=C14-2
Added Pin To Net: NetName=GND Pin=C15-1
Added Pin To Net: NetName=1V8 Pin=C15-2
Added Pin To Net: NetName=GND Pin=C18-1
Added Pin To Net: NetName=\X\T\A\L\ Pin=C18-2
Added Pin To Net: NetName=GND Pin=C19-1
Added Pin To Net: NetName=XTAL Pin=C19-2
Added Pin To Net: NetName=GND Pin=C22_U_PGA_Block1-1
Added Pin To Net: NetName=5V Pin=C22_U_PGA_Block1-2
Added Pin To Net: NetName=GND Pin=C22_U_PGA_Block2-1
Added Pin To Net: NetName=5V Pin=C22_U_PGA_Block2-2
Added Pin To Net: NetName=GND Pin=C22_U_PGA_Block3-1
Added Pin To Net: NetName=5V Pin=C22_U_PGA_Block3-2
Added Pin To Net: NetName=GND Pin=C22_U_PGA_Block4-1
Added Pin To Net: NetName=5V Pin=C22_U_PGA_Block4-2
Added Pin To Net: NetName=NetC27_1 Pin=C27-1
Added Pin To Net: NetName=3V3 Pin=C27-2
Added Pin To Net: NetName=GND Pin=C28-1
Added Pin To Net: NetName=3V3 Pin=C28-2
Added Pin To Net: NetName=GND Pin=C29-1
Added Pin To Net: NetName=3V3 Pin=C29-2
Added Pin To Net: NetName=GND Pin=C30-1
Added Pin To Net: NetName=NetC30_2 Pin=C30-2
Added Pin To Net: NetName=FROM_BRAIN1 Pin=J1-1
Added Pin To Net: NetName=STIM_0 Pin=J1-3
Added Pin To Net: NetName=FROM_BRAIN2 Pin=J2-1
Added Pin To Net: NetName=STIM_1 Pin=J2-3
Added Pin To Net: NetName=FROM_BRAIN3 Pin=J3-1
Added Pin To Net: NetName=STIM_2 Pin=J3-3
Added Pin To Net: NetName=FROM_BRAIN4 Pin=J4-1
Added Pin To Net: NetName=TF_LOW4 Pin=J4-3
Added Pin To Net: NetName=GND Pin=P1-1
Added Pin To Net: NetName=DDS_CLK Pin=P1-2
Added Pin To Net: NetName=SDATA Pin=P1-3
Added Pin To Net: NetName=SCLK Pin=P1-4
Added Pin To Net: NetName=FSYNC Pin=P1-5
Added Pin To Net: NetName=SIN_OUT Pin=P1-6
Added Pin To Net: NetName=3V3 Pin=P1-7
Added Pin To Net: NetName=XTAL Pin=R1-1
Added Pin To Net: NetName=\X\T\A\L\ Pin=R1-2
Added Pin To Net: NetName=NetR2_1 Pin=R2-1
Added Pin To Net: NetName=GND Pin=R2-2
Added Pin To Net: NetName=NetR3_1 Pin=R3-1
Added Pin To Net: NetName=GND Pin=R3-2
Added Pin To Net: NetName=1V8 Pin=R4-1
Added Pin To Net: NetName=NetR4_2 Pin=R4-2
Added Pin To Net: NetName=NetR5_1 Pin=R5-1
Added Pin To Net: NetName=NetC1_1 Pin=R5-2
Added Pin To Net: NetName=GND Pin=R6-1
Added Pin To Net: NetName=NetR6_2 Pin=R6-2
Added Pin To Net: NetName=FROM_BRAIN Pin=R7_U_Current_Measure1-1
Added Pin To Net: NetName=TF_LOW Pin=R7_U_Current_Measure1-2
Added Pin To Net: NetName=FROM_BRAIN Pin=R7_U_Current_Measure2-1
Added Pin To Net: NetName=TF_LOW Pin=R7_U_Current_Measure2-2
Added Pin To Net: NetName=FROM_BRAIN Pin=R7_U_Current_Measure3-1
Added Pin To Net: NetName=TF_LOW Pin=R7_U_Current_Measure3-2
Added Pin To Net: NetName=FROM_BRAIN Pin=R7_U_Current_Measure4-1
Added Pin To Net: NetName=TF_LOW Pin=R7_U_Current_Measure4-2
Added Pin To Net: NetName=OUT_V_0 Pin=T1-1
Added Pin To Net: NetName=GND Pin=T1-3
Added Pin To Net: NetName=TF_LOW1 Pin=T1-4
Added Pin To Net: NetName=STIM_0 Pin=T1-6
Added Pin To Net: NetName=OUT_V_1 Pin=T2-1
Added Pin To Net: NetName=GND Pin=T2-3
Added Pin To Net: NetName=TF_LOW2 Pin=T2-4
Added Pin To Net: NetName=STIM_1 Pin=T2-6
Added Pin To Net: NetName=OUT_V_2 Pin=T3-1
Added Pin To Net: NetName=GND Pin=T3-3
Added Pin To Net: NetName=TF_LOW3 Pin=T3-4
Added Pin To Net: NetName=STIM_2 Pin=T3-6
Added Pin To Net: NetName=OUT_V_3 Pin=T4-1
Added Pin To Net: NetName=GND Pin=T4-3
Added Pin To Net: NetName=TF_LOW4 Pin=T4-4
Added Pin To Net: NetName=STIM_3 Pin=T4-6
Added Pin To Net: NetName=NetR6_2 Pin=U1-3
Added Pin To Net: NetName=NetR2_1 Pin=U1-4
Added Pin To Net: NetName=1V8 Pin=U1-5
Added Pin To Net: NetName=GND Pin=U1-6
Added Pin To Net: NetName=1V8 Pin=U1-7
Added Pin To Net: NetName=Wave_In3 Pin=U1-8
Added Pin To Net: NetName=GND Pin=U1-10
Added Pin To Net: NetName=1V8 Pin=U1-11
Added Pin To Net: NetName=GND Pin=U1-12
Added Pin To Net: NetName=Wave_In4 Pin=U1-13
Added Pin To Net: NetName=1V8 Pin=U1-15
Added Pin To Net: NetName=GND Pin=U1-16
Added Pin To Net: NetName=NetR3_1 Pin=U1-17
Added Pin To Net: NetName=GND Pin=U1-18
Added Pin To Net: NetName=1V8 Pin=U1-19
Added Pin To Net: NetName=GND Pin=U1-20
Added Pin To Net: NetName=1V8 Pin=U1-21
Added Pin To Net: NetName=\X\T\A\L\ Pin=U1-22
Added Pin To Net: NetName=XTAL Pin=U1-23
Added Pin To Net: NetName=NetR4_2 Pin=U1-24
Added Pin To Net: NetName=GND Pin=U1-25
Added Pin To Net: NetName=1V8 Pin=U1-26
Added Pin To Net: NetName=NetR5_1 Pin=U1-27
Added Pin To Net: NetName=GND Pin=U1-28
Added Pin To Net: NetName=Wave_In1 Pin=U1-30
Added Pin To Net: NetName=1V8 Pin=U1-31
Added Pin To Net: NetName=GND Pin=U1-32
Added Pin To Net: NetName=1V8 Pin=U1-33
Added Pin To Net: NetName=GND Pin=U1-34
Added Pin To Net: NetName=Wave_In2 Pin=U1-36
Added Pin To Net: NetName=1V8 Pin=U1-37
Added Pin To Net: NetName=GND Pin=U1-38
Added Pin To Net: NetName=1V8 Pin=U1-39
Added Pin To Net: NetName=P0 Pin=U1-40
Added Pin To Net: NetName=P1 Pin=U1-41
Added Pin To Net: NetName=P2 Pin=U1-42
Added Pin To Net: NetName=P3 Pin=U1-43
Added Pin To Net: NetName=GND Pin=U1-44
Added Pin To Net: NetName=1V8 Pin=U1-45
Added Pin To Net: NetName=I/O_UPDATE Pin=U1-46
Added Pin To Net: NetName=\C\S\ Pin=U1-47
Added Pin To Net: NetName=3V3 Pin=U1-49
Added Pin To Net: NetName=SDIO_0 Pin=U1-50
Added Pin To Net: NetName=SDIO_1 Pin=U1-51
Added Pin To Net: NetName=SDIO_2 Pin=U1-52
Added Pin To Net: NetName=SDIO_3 Pin=U1-53
Added Pin To Net: NetName=SYNC_CLK Pin=U1-54
Added Pin To Net: NetName=1V8 Pin=U1-55
Added Pin To Net: NetName=GND Pin=U1-56
Added Pin To Net: NetName=GND Pin=U1-57
Added Pin To Net: NetName=3V3_A Pin=U2_U_Current_Measure1-1
Added Pin To Net: NetName=FROM_BRAIN Pin=U2_U_Current_Measure1-2
Added Pin To Net: NetName=TF_LOW Pin=U2_U_Current_Measure1-3
Added Pin To Net: NetName=AGND Pin=U2_U_Current_Measure1-4
Added Pin To Net: NetName=GND Pin=U2_U_Current_Measure1-5
Added Pin To Net: NetName=ADC_DATA Pin=U2_U_Current_Measure1-6
Added Pin To Net: NetName=ADC_CLK Pin=U2_U_Current_Measure1-7
Added Pin To Net: NetName=3V3 Pin=U2_U_Current_Measure1-8
Added Pin To Net: NetName=AGND Pin=U2_U_Current_Measure1-9
Added Pin To Net: NetName=GND Pin=U2_U_Current_Measure1-10
Added Pin To Net: NetName=3V3_A Pin=U2_U_Current_Measure2-1
Added Pin To Net: NetName=FROM_BRAIN Pin=U2_U_Current_Measure2-2
Added Pin To Net: NetName=TF_LOW Pin=U2_U_Current_Measure2-3
Added Pin To Net: NetName=AGND Pin=U2_U_Current_Measure2-4
Added Pin To Net: NetName=GND Pin=U2_U_Current_Measure2-5
Added Pin To Net: NetName=ADC_DATA Pin=U2_U_Current_Measure2-6
Added Pin To Net: NetName=ADC_CLK Pin=U2_U_Current_Measure2-7
Added Pin To Net: NetName=3V3 Pin=U2_U_Current_Measure2-8
Added Pin To Net: NetName=AGND Pin=U2_U_Current_Measure2-9
Added Pin To Net: NetName=GND Pin=U2_U_Current_Measure2-10
Added Pin To Net: NetName=3V3_A Pin=U2_U_Current_Measure3-1
Added Pin To Net: NetName=FROM_BRAIN Pin=U2_U_Current_Measure3-2
Added Pin To Net: NetName=TF_LOW Pin=U2_U_Current_Measure3-3
Added Pin To Net: NetName=AGND Pin=U2_U_Current_Measure3-4
Added Pin To Net: NetName=GND Pin=U2_U_Current_Measure3-5
Added Pin To Net: NetName=ADC_DATA Pin=U2_U_Current_Measure3-6
Added Pin To Net: NetName=ADC_CLK Pin=U2_U_Current_Measure3-7
Added Pin To Net: NetName=3V3 Pin=U2_U_Current_Measure3-8
Added Pin To Net: NetName=AGND Pin=U2_U_Current_Measure3-9
Added Pin To Net: NetName=GND Pin=U2_U_Current_Measure3-10
Added Pin To Net: NetName=3V3_A Pin=U2_U_Current_Measure4-1
Added Pin To Net: NetName=FROM_BRAIN Pin=U2_U_Current_Measure4-2
Added Pin To Net: NetName=TF_LOW Pin=U2_U_Current_Measure4-3
Added Pin To Net: NetName=AGND Pin=U2_U_Current_Measure4-4
Added Pin To Net: NetName=GND Pin=U2_U_Current_Measure4-5
Added Pin To Net: NetName=ADC_DATA Pin=U2_U_Current_Measure4-6
Added Pin To Net: NetName=ADC_CLK Pin=U2_U_Current_Measure4-7
Added Pin To Net: NetName=3V3 Pin=U2_U_Current_Measure4-8
Added Pin To Net: NetName=AGND Pin=U2_U_Current_Measure4-9
Added Pin To Net: NetName=GND Pin=U2_U_Current_Measure4-10
Added Pin To Net: NetName=Wave_In1 Pin=U6_U_PGA_Block1-2
Added Pin To Net: NetName=GND Pin=U6_U_PGA_Block1-3
Added Pin To Net: NetName=GND Pin=U6_U_PGA_Block1-4
Added Pin To Net: NetName=NetU6_U_PGA_Block1_6 Pin=U6_U_PGA_Block1-6
Added Pin To Net: NetName=NetU6_U_PGA_Block1_7 Pin=U6_U_PGA_Block1-7
Added Pin To Net: NetName=5V Pin=U6_U_PGA_Block1-8
Added Pin To Net: NetName=Wave_In2 Pin=U6_U_PGA_Block2-2
Added Pin To Net: NetName=GND Pin=U6_U_PGA_Block2-3
Added Pin To Net: NetName=GND Pin=U6_U_PGA_Block2-4
Added Pin To Net: NetName=NetU6_U_PGA_Block1_6 Pin=U6_U_PGA_Block2-6
Added Pin To Net: NetName=NetU6_U_PGA_Block1_7 Pin=U6_U_PGA_Block2-7
Added Pin To Net: NetName=5V Pin=U6_U_PGA_Block2-8
Added Pin To Net: NetName=Wave_In3 Pin=U6_U_PGA_Block3-2
Added Pin To Net: NetName=GND Pin=U6_U_PGA_Block3-3
Added Pin To Net: NetName=GND Pin=U6_U_PGA_Block3-4
Added Pin To Net: NetName=NetU6_U_PGA_Block1_6 Pin=U6_U_PGA_Block3-6
Added Pin To Net: NetName=NetU6_U_PGA_Block1_7 Pin=U6_U_PGA_Block3-7
Added Pin To Net: NetName=5V Pin=U6_U_PGA_Block3-8
Added Pin To Net: NetName=Wave_In4 Pin=U6_U_PGA_Block4-2
Added Pin To Net: NetName=GND Pin=U6_U_PGA_Block4-3
Added Pin To Net: NetName=GND Pin=U6_U_PGA_Block4-4
Added Pin To Net: NetName=NetU6_U_PGA_Block1_6 Pin=U6_U_PGA_Block4-6
Added Pin To Net: NetName=NetU6_U_PGA_Block1_7 Pin=U6_U_PGA_Block4-7
Added Pin To Net: NetName=5V Pin=U6_U_PGA_Block4-8
Added Pin To Net: NetName=NetC27_1 Pin=U8-1
Added Pin To Net: NetName=3V3 Pin=U8-2
Added Pin To Net: NetName=NetC30_2 Pin=U8-3
Added Pin To Net: NetName=GND Pin=U8-4
Added Pin To Net: NetName=DDS_CLK Pin=U8-5
Added Pin To Net: NetName=SDATA Pin=U8-6
Added Pin To Net: NetName=SCLK Pin=U8-7
Added Pin To Net: NetName=FSYNC Pin=U8-8
Added Pin To Net: NetName=GND Pin=U8-9
Added Pin To Net: NetName=SIN_OUT Pin=U8-10
Added Pin To Net: NetName=XTAL Pin=X1-1
Added Pin To Net: NetName=GND Pin=X1-2
Added Pin To Net: NetName=\X\T\A\L\ Pin=X1-3
Added Pin To Net: NetName=GND Pin=X1-4
Added Pin To Net: NetName=\P\G\A\_\C\S\1 Pin=U6_U_PGA_Block1-5
Added Net: Name=\P\G\A\_\C\S\1
Added Pin To Net: NetName=\P\G\A\_\C\S\2 Pin=U6_U_PGA_Block2-5
Added Net: Name=\P\G\A\_\C\S\2
Added Pin To Net: NetName=\P\G\A\_\C\S\3 Pin=U6_U_PGA_Block3-5
Added Net: Name=\P\G\A\_\C\S\3
Added Pin To Net: NetName=\P\G\A\_\C\S\4 Pin=U6_U_PGA_Block4-5
Added Net: Name=\P\G\A\_\C\S\4
Add Net: Net with name "ADC_CLK" already exists
Added Net: Name=ADC_DAT
Added Net: Name=DDS_IO_UPDATE
Added Pin To Net: NetName=DDS_RX Pin=U?-GP16
Added Net: Name=DDS_RX
Added Pin To Net: NetName=DDS_SCK Pin=U?-GP18
Added Net: Name=DDS_SCK
Added Pin To Net: NetName=DDS_TX Pin=U?-GP19
Added Net: Name=DDS_TX
Added Pin To Net: NetName=PGA_SCL Pin=U?-GP9
Added Net: Name=PGA_SCL
Added Pin To Net: NetName=PGA_SDA Pin=U?-GP8
Added Net: Name=PGA_SDA
Add Net: Net with name "SCLK" already exists
Added Pin To Net: NetName=Wave_Out1 Pin=U6_U_PGA_Block1-1
Added Net: Name=Wave_Out1
Added Pin To Net: NetName=Wave_Out2 Pin=U6_U_PGA_Block2-1
Added Net: Name=Wave_Out2
Added Pin To Net: NetName=Wave_Out3 Pin=U6_U_PGA_Block3-1
Added Net: Name=Wave_Out3
Added Pin To Net: NetName=Wave_Out4 Pin=U6_U_PGA_Block4-1
Added Net: Name=Wave_Out4
Add Class Member: Failed to add class member : Component * Pico_2_W
Added Member To Class: ClassName=U_DDS_Module Member=Component C1 Cap
Added Member To Class: ClassName=U_DDS_Module Member=Component C2 Cap
Added Member To Class: ClassName=U_DDS_Module Member=Component C3 Cap
Added Member To Class: ClassName=U_DDS_Module Member=Component C4 Cap
Added Member To Class: ClassName=U_DDS_Module Member=Component C5 Cap
Added Member To Class: ClassName=U_DDS_Module Member=Component C6 Cap
Added Member To Class: ClassName=U_DDS_Module Member=Component C7 Cap
Added Member To Class: ClassName=U_DDS_Module Member=Component C8 Cap
Added Member To Class: ClassName=U_DDS_Module Member=Component C9 Cap
Added Member To Class: ClassName=U_DDS_Module Member=Component C10 Cap
Added Member To Class: ClassName=U_DDS_Module Member=Component C11 Cap
Added Member To Class: ClassName=U_DDS_Module Member=Component C12 Cap
Added Member To Class: ClassName=U_DDS_Module Member=Component C13 Cap
Added Member To Class: ClassName=U_DDS_Module Member=Component C14 Cap
Added Member To Class: ClassName=U_DDS_Module Member=Component C15 Cap
Added Member To Class: ClassName=U_DDS_Module Member=Component C18 Cap
Added Member To Class: ClassName=U_DDS_Module Member=Component C19 Cap
Added Member To Class: ClassName=U_PGA_Block1 Member=Component C22_U_PGA_Block1 (C22) Cap
Added Member To Class: ClassName=U_PGA_Block2 Member=Component C22_U_PGA_Block2 (C22) Cap
Added Member To Class: ClassName=U_PGA_Block3 Member=Component C22_U_PGA_Block3 (C22) Cap
Added Member To Class: ClassName=U_PGA_Block4 Member=Component C22_U_PGA_Block4 (C22) Cap
Added Member To Class: ClassName=U_Small_DDS Member=Component C27 Cap
Added Member To Class: ClassName=U_Small_DDS Member=Component C28 Cap
Added Member To Class: ClassName=U_Small_DDS Member=Component C29 Cap
Added Member To Class: ClassName=U_Small_DDS Member=Component C30 Cap
Added Member To Class: ClassName=U_Output_Isolation Member=Component J1 STX-3000
Added Member To Class: ClassName=U_Output_Isolation Member=Component J2 STX-3000
Added Member To Class: ClassName=U_Output_Isolation Member=Component J3 STX-3000
Added Member To Class: ClassName=U_Output_Isolation Member=Component J4 STX-3000
Added Member To Class: ClassName=U_Small_DDS Member=Component P1 Header 7
Added Member To Class: ClassName=U_DDS_Module Member=Component R1 DNP
Added Member To Class: ClassName=U_DDS_Module Member=Component R2 Res1
Added Member To Class: ClassName=U_DDS_Module Member=Component R3 Res1
Added Member To Class: ClassName=U_DDS_Module Member=Component R4 Res1
Added Member To Class: ClassName=U_DDS_Module Member=Component R5 Res1
Added Member To Class: ClassName=U_DDS_Module Member=Component R6 Res1
Added Member To Class: ClassName=U_Current_Measure1 Member=Component R7_U_Current_Measure1 (R7) Res1
Added Member To Class: ClassName=U_Current_Measure2 Member=Component R7_U_Current_Measure2 (R7) Res1
Added Member To Class: ClassName=U_Current_Measure3 Member=Component R7_U_Current_Measure3 (R7) Res1
Added Member To Class: ClassName=U_Current_Measure4 Member=Component R7_U_Current_Measure4 (R7) Res1
Added Member To Class: ClassName=U_Output_Isolation Member=Component T1 108E
Added Member To Class: ClassName=U_Output_Isolation Member=Component T2 108E
Added Member To Class: ClassName=U_Output_Isolation Member=Component T3 108E
Added Member To Class: ClassName=U_Output_Isolation Member=Component T4 108E
Added Member To Class: ClassName=U_DDS_Module Member=Component U1 AD9959BCPZ-REEL7
Added Member To Class: ClassName=U_Current_Measure1 Member=Component U2_U_Current_Measure1 (U2) ADC
Added Member To Class: ClassName=U_Current_Measure2 Member=Component U2_U_Current_Measure2 (U2) ADC
Added Member To Class: ClassName=U_Current_Measure3 Member=Component U2_U_Current_Measure3 (U2) ADC
Added Member To Class: ClassName=U_Current_Measure4 Member=Component U2_U_Current_Measure4 (U2) ADC
Added Member To Class: ClassName=U_Non_Isolated_Sources Member=Component U3 LDL1117S50R
Added Member To Class: ClassName=U_PGA_Block1 Member=Component U6_U_PGA_Block1 (U6) MCP6S21T-I/MS
Added Member To Class: ClassName=U_PGA_Block2 Member=Component U6_U_PGA_Block2 (U6) MCP6S21T-I/MS
Added Member To Class: ClassName=U_PGA_Block3 Member=Component U6_U_PGA_Block3 (U6) MCP6S21T-I/MS
Added Member To Class: ClassName=U_PGA_Block4 Member=Component U6_U_PGA_Block4 (U6) MCP6S21T-I/MS
Added Member To Class: ClassName=U_Small_DDS Member=Component U8 AD9833BRMZ
Added Member To Class: ClassName=U_MCU Member=Component U? RASPBERRY_PI_PICO
Added Member To Class: ClassName=U_DDS_Module Member=Component X1 XTAL
Added Member To Class: ClassName=\P\G\A\_\C\S\[4..1] Member=Element[3]: \P\G\A\_\C\S\
Added Member To Class: ClassName=\P\G\A\_\C\S\[4..1] Member=Element[2]: \P\G\A\_\C\S\
Added Member To Class: ClassName=\P\G\A\_\C\S\[4..1] Member=Element[1]: \P\G\A\_\C\S\
Added Member To Class: ClassName=\P\G\A\_\C\S\[4..1] Member=Element[0]: \P\G\A\_\C\S\
Added Room: Name=U_Current_Measure1
Added Room: Name=U_Current_Measure2
Added Room: Name=U_Current_Measure3
Added Room: Name=U_Current_Measure4
Added Room: Name=U_DDS_Module
Added Room: Name=U_MCU
Added Room: Name=U_Non_Isolated_Sources
Added Room: Name=U_Output_Isolation
Added Room: Name=U_PGA_Block1
Added Room: Name=U_PGA_Block2
Added Room: Name=U_PGA_Block3
Added Room: Name=U_PGA_Block4
Added Room: Name=U_Small_DDS
Added Room: Name=U_Stimulus_Feedback
