Added Component: Designator=C16(CAPC1608X05N)
Add component (AddParameter): Name = "LatestRevisionDate"; Value = "17-Jul-2002"; VariantName = "[No Variations]"
Add component (AddParameter): Name = "LatestRevisionNote"; Value = "Re-released for DXP Platform."; VariantName = "[No Variations]"
Add component (AddParameter): Name = "PackageDescription"; Value = "Radial Cap, Thru-Hole; 2 Leads; 0.3 in Pin Spacing"; VariantName = "[No Variations]"
Add component (AddParameter): Name = "PackageReference"; Value = "RAD-0.3"; VariantName = "[No Variations]"
Add component (AddParameter): Name = "Published"; Value = "8-Jun-2000"; VariantName = "[No Variations]"
Add component (AddParameter): Name = "Publisher"; Value = "Altium Limited"; VariantName = "[No Variations]"
Add component (AddParameter): Name = "Value"; Value = "1u"; VariantName = "[No Variations]"
Added Component: Designator=C17(CAPC1608X05N)
Add component (AddParameter): Name = "LatestRevisionDate"; Value = "17-Jul-2002"; VariantName = "[No Variations]"
Add component (AddParameter): Name = "LatestRevisionNote"; Value = "Re-released for DXP Platform."; VariantName = "[No Variations]"
Add component (AddParameter): Name = "PackageDescription"; Value = "Radial Cap, Thru-Hole; 2 Leads; 0.3 in Pin Spacing"; VariantName = "[No Variations]"
Add component (AddParameter): Name = "PackageReference"; Value = "RAD-0.3"; VariantName = "[No Variations]"
Add component (AddParameter): Name = "Published"; Value = "8-Jun-2000"; VariantName = "[No Variations]"
Add component (AddParameter): Name = "Publisher"; Value = "Altium Limited"; VariantName = "[No Variations]"
Add component (AddParameter): Name = "Value"; Value = "1u"; VariantName = "[No Variations]"
Added Component: Designator=C20(CAPC1608X05N)
Add component (AddParameter): Name = "LatestRevisionDate"; Value = "17-Jul-2002"; VariantName = "[No Variations]"
Add component (AddParameter): Name = "LatestRevisionNote"; Value = "Re-released for DXP Platform."; VariantName = "[No Variations]"
Add component (AddParameter): Name = "PackageDescription"; Value = "Radial Cap, Thru-Hole; 2 Leads; 0.3 in Pin Spacing"; VariantName = "[No Variations]"
Add component (AddParameter): Name = "PackageReference"; Value = "RAD-0.3"; VariantName = "[No Variations]"
Add component (AddParameter): Name = "Published"; Value = "8-Jun-2000"; VariantName = "[No Variations]"
Add component (AddParameter): Name = "Publisher"; Value = "Altium Limited"; VariantName = "[No Variations]"
Add component (AddParameter): Name = "Value"; Value = "1u"; VariantName = "[No Variations]"
Added Component: Designator=C21(CAPC1608X05N)
Add component (AddParameter): Name = "LatestRevisionDate"; Value = "17-Jul-2002"; VariantName = "[No Variations]"
Add component (AddParameter): Name = "LatestRevisionNote"; Value = "Re-released for DXP Platform."; VariantName = "[No Variations]"
Add component (AddParameter): Name = "PackageDescription"; Value = "Radial Cap, Thru-Hole; 2 Leads; 0.3 in Pin Spacing"; VariantName = "[No Variations]"
Add component (AddParameter): Name = "PackageReference"; Value = "RAD-0.3"; VariantName = "[No Variations]"
Add component (AddParameter): Name = "Published"; Value = "8-Jun-2000"; VariantName = "[No Variations]"
Add component (AddParameter): Name = "Publisher"; Value = "Altium Limited"; VariantName = "[No Variations]"
Add component (AddParameter): Name = "Value"; Value = "4.7u"; VariantName = "[No Variations]"
Added Component: Designator=C22_U_PGA_Block1(0402_Res)
Add component (AddParameter): Name = "LatestRevisionDate"; Value = "17-Jul-2002"; VariantName = "[No Variations]"
Add component (AddParameter): Name = "LatestRevisionNote"; Value = "Re-released for DXP Platform."; VariantName = "[No Variations]"
Add component (AddParameter): Name = "PackageDescription"; Value = "Radial Cap, Thru-Hole; 2 Leads; 0.3 in Pin Spacing"; VariantName = "[No Variations]"
Add component (AddParameter): Name = "PackageReference"; Value = "RAD-0.3"; VariantName = "[No Variations]"
Add component (AddParameter): Name = "Published"; Value = "8-Jun-2000"; VariantName = "[No Variations]"
Add component (AddParameter): Name = "Publisher"; Value = "Altium Limited"; VariantName = "[No Variations]"
Add component (AddParameter): Name = "Value"; Value = "0.1u"; VariantName = "[No Variations]"
Added Component: Designator=C22_U_PGA_Block2(0402_Res)
Add component (AddParameter): Name = "LatestRevisionDate"; Value = "17-Jul-2002"; VariantName = "[No Variations]"
Add component (AddParameter): Name = "LatestRevisionNote"; Value = "Re-released for DXP Platform."; VariantName = "[No Variations]"
Add component (AddParameter): Name = "PackageDescription"; Value = "Radial Cap, Thru-Hole; 2 Leads; 0.3 in Pin Spacing"; VariantName = "[No Variations]"
Add component (AddParameter): Name = "PackageReference"; Value = "RAD-0.3"; VariantName = "[No Variations]"
Add component (AddParameter): Name = "Published"; Value = "8-Jun-2000"; VariantName = "[No Variations]"
Add component (AddParameter): Name = "Publisher"; Value = "Altium Limited"; VariantName = "[No Variations]"
Add component (AddParameter): Name = "Value"; Value = "0.1u"; VariantName = "[No Variations]"
Added Component: Designator=C22_U_PGA_Block3(0402_Res)
Add component (AddParameter): Name = "LatestRevisionDate"; Value = "17-Jul-2002"; VariantName = "[No Variations]"
Add component (AddParameter): Name = "LatestRevisionNote"; Value = "Re-released for DXP Platform."; VariantName = "[No Variations]"
Add component (AddParameter): Name = "PackageDescription"; Value = "Radial Cap, Thru-Hole; 2 Leads; 0.3 in Pin Spacing"; VariantName = "[No Variations]"
Add component (AddParameter): Name = "PackageReference"; Value = "RAD-0.3"; VariantName = "[No Variations]"
Add component (AddParameter): Name = "Published"; Value = "8-Jun-2000"; VariantName = "[No Variations]"
Add component (AddParameter): Name = "Publisher"; Value = "Altium Limited"; VariantName = "[No Variations]"
Add component (AddParameter): Name = "Value"; Value = "0.1u"; VariantName = "[No Variations]"
Added Component: Designator=C22_U_PGA_Block4(0402_Res)
Add component (AddParameter): Name = "LatestRevisionDate"; Value = "17-Jul-2002"; VariantName = "[No Variations]"
Add component (AddParameter): Name = "LatestRevisionNote"; Value = "Re-released for DXP Platform."; VariantName = "[No Variations]"
Add component (AddParameter): Name = "PackageDescription"; Value = "Radial Cap, Thru-Hole; 2 Leads; 0.3 in Pin Spacing"; VariantName = "[No Variations]"
Add component (AddParameter): Name = "PackageReference"; Value = "RAD-0.3"; VariantName = "[No Variations]"
Add component (AddParameter): Name = "Published"; Value = "8-Jun-2000"; VariantName = "[No Variations]"
Add component (AddParameter): Name = "Publisher"; Value = "Altium Limited"; VariantName = "[No Variations]"
Add component (AddParameter): Name = "Value"; Value = "0.1u"; VariantName = "[No Variations]"
Added Component: Designator=C23(CAPC1608X05N)
Add component (AddParameter): Name = "LatestRevisionDate"; Value = "17-Jul-2002"; VariantName = "[No Variations]"
Add component (AddParameter): Name = "LatestRevisionNote"; Value = "Re-released for DXP Platform."; VariantName = "[No Variations]"
Add component (AddParameter): Name = "PackageDescription"; Value = "Radial Cap, Thru-Hole; 2 Leads; 0.3 in Pin Spacing"; VariantName = "[No Variations]"
Add component (AddParameter): Name = "PackageReference"; Value = "RAD-0.3"; VariantName = "[No Variations]"
Add component (AddParameter): Name = "Published"; Value = "8-Jun-2000"; VariantName = "[No Variations]"
Add component (AddParameter): Name = "Publisher"; Value = "Altium Limited"; VariantName = "[No Variations]"
Add component (AddParameter): Name = "Value"; Value = "10u"; VariantName = "[No Variations]"
Added Component: Designator=C24(CAPC1608X05N)
Add component (AddParameter): Name = "LatestRevisionDate"; Value = "17-Jul-2002"; VariantName = "[No Variations]"
Add component (AddParameter): Name = "LatestRevisionNote"; Value = "Re-released for DXP Platform."; VariantName = "[No Variations]"
Add component (AddParameter): Name = "PackageDescription"; Value = "Radial Cap, Thru-Hole; 2 Leads; 0.3 in Pin Spacing"; VariantName = "[No Variations]"
Add component (AddParameter): Name = "PackageReference"; Value = "RAD-0.3"; VariantName = "[No Variations]"
Add component (AddParameter): Name = "Published"; Value = "8-Jun-2000"; VariantName = "[No Variations]"
Add component (AddParameter): Name = "Publisher"; Value = "Altium Limited"; VariantName = "[No Variations]"
Add component (AddParameter): Name = "Value"; Value = "0.1u"; VariantName = "[No Variations]"
Added Component: Designator=C25(CAPC1608X05N)
Add component (AddParameter): Name = "LatestRevisionDate"; Value = "17-Jul-2002"; VariantName = "[No Variations]"
Add component (AddParameter): Name = "LatestRevisionNote"; Value = "Re-released for DXP Platform."; VariantName = "[No Variations]"
Add component (AddParameter): Name = "PackageDescription"; Value = "Radial Cap, Thru-Hole; 2 Leads; 0.3 in Pin Spacing"; VariantName = "[No Variations]"
Add component (AddParameter): Name = "PackageReference"; Value = "RAD-0.3"; VariantName = "[No Variations]"
Add component (AddParameter): Name = "Published"; Value = "8-Jun-2000"; VariantName = "[No Variations]"
Add component (AddParameter): Name = "Publisher"; Value = "Altium Limited"; VariantName = "[No Variations]"
Add component (AddParameter): Name = "Value"; Value = "0.22u"; VariantName = "[No Variations]"
Added Component: Designator=C26(CAPC1608X05N)
Add component (AddParameter): Name = "LatestRevisionDate"; Value = "17-Jul-2002"; VariantName = "[No Variations]"
Add component (AddParameter): Name = "LatestRevisionNote"; Value = "Re-released for DXP Platform."; VariantName = "[No Variations]"
Add component (AddParameter): Name = "PackageDescription"; Value = "Radial Cap, Thru-Hole; 2 Leads; 0.3 in Pin Spacing"; VariantName = "[No Variations]"
Add component (AddParameter): Name = "PackageReference"; Value = "RAD-0.3"; VariantName = "[No Variations]"
Add component (AddParameter): Name = "Published"; Value = "8-Jun-2000"; VariantName = "[No Variations]"
Add component (AddParameter): Name = "Publisher"; Value = "Altium Limited"; VariantName = "[No Variations]"
Add component (AddParameter): Name = "Value"; Value = "10u"; VariantName = "[No Variations]"
Added Component: Designator=C27_U_Small_DDS1(0402_Res)
Add component (AddParameter): Name = "LatestRevisionDate"; Value = "17-Jul-2002"; VariantName = "[No Variations]"
Add component (AddParameter): Name = "LatestRevisionNote"; Value = "Re-released for DXP Platform."; VariantName = "[No Variations]"
Add component (AddParameter): Name = "PackageDescription"; Value = "Radial Cap, Thru-Hole; 2 Leads; 0.3 in Pin Spacing"; VariantName = "[No Variations]"
Add component (AddParameter): Name = "PackageReference"; Value = "RAD-0.3"; VariantName = "[No Variations]"
Add component (AddParameter): Name = "Published"; Value = "8-Jun-2000"; VariantName = "[No Variations]"
Add component (AddParameter): Name = "Publisher"; Value = "Altium Limited"; VariantName = "[No Variations]"
Add component (AddParameter): Name = "Value"; Value = "10u"; VariantName = "[No Variations]"
Added Component: Designator=C27_U_Small_DDS2(0402_Res)
Add component (AddParameter): Name = "LatestRevisionDate"; Value = "17-Jul-2002"; VariantName = "[No Variations]"
Add component (AddParameter): Name = "LatestRevisionNote"; Value = "Re-released for DXP Platform."; VariantName = "[No Variations]"
Add component (AddParameter): Name = "PackageDescription"; Value = "Radial Cap, Thru-Hole; 2 Leads; 0.3 in Pin Spacing"; VariantName = "[No Variations]"
Add component (AddParameter): Name = "PackageReference"; Value = "RAD-0.3"; VariantName = "[No Variations]"
Add component (AddParameter): Name = "Published"; Value = "8-Jun-2000"; VariantName = "[No Variations]"
Add component (AddParameter): Name = "Publisher"; Value = "Altium Limited"; VariantName = "[No Variations]"
Add component (AddParameter): Name = "Value"; Value = "10u"; VariantName = "[No Variations]"
Added Component: Designator=C27_U_Small_DDS3(0402_Res)
Add component (AddParameter): Name = "LatestRevisionDate"; Value = "17-Jul-2002"; VariantName = "[No Variations]"
Add component (AddParameter): Name = "LatestRevisionNote"; Value = "Re-released for DXP Platform."; VariantName = "[No Variations]"
Add component (AddParameter): Name = "PackageDescription"; Value = "Radial Cap, Thru-Hole; 2 Leads; 0.3 in Pin Spacing"; VariantName = "[No Variations]"
Add component (AddParameter): Name = "PackageReference"; Value = "RAD-0.3"; VariantName = "[No Variations]"
Add component (AddParameter): Name = "Published"; Value = "8-Jun-2000"; VariantName = "[No Variations]"
Add component (AddParameter): Name = "Publisher"; Value = "Altium Limited"; VariantName = "[No Variations]"
Add component (AddParameter): Name = "Value"; Value = "10u"; VariantName = "[No Variations]"
Added Component: Designator=C27_U_Small_DDS4(0402_Res)
Add component (AddParameter): Name = "LatestRevisionDate"; Value = "17-Jul-2002"; VariantName = "[No Variations]"
Add component (AddParameter): Name = "LatestRevisionNote"; Value = "Re-released for DXP Platform."; VariantName = "[No Variations]"
Add component (AddParameter): Name = "PackageDescription"; Value = "Radial Cap, Thru-Hole; 2 Leads; 0.3 in Pin Spacing"; VariantName = "[No Variations]"
Add component (AddParameter): Name = "PackageReference"; Value = "RAD-0.3"; VariantName = "[No Variations]"
Add component (AddParameter): Name = "Published"; Value = "8-Jun-2000"; VariantName = "[No Variations]"
Add component (AddParameter): Name = "Publisher"; Value = "Altium Limited"; VariantName = "[No Variations]"
Add component (AddParameter): Name = "Value"; Value = "10u"; VariantName = "[No Variations]"
Added Component: Designator=C28_U_Small_DDS1(0402_Res)
Add component (AddParameter): Name = "LatestRevisionDate"; Value = "17-Jul-2002"; VariantName = "[No Variations]"
Add component (AddParameter): Name = "LatestRevisionNote"; Value = "Re-released for DXP Platform."; VariantName = "[No Variations]"
Add component (AddParameter): Name = "PackageDescription"; Value = "Radial Cap, Thru-Hole; 2 Leads; 0.3 in Pin Spacing"; VariantName = "[No Variations]"
Add component (AddParameter): Name = "PackageReference"; Value = "RAD-0.3"; VariantName = "[No Variations]"
Add component (AddParameter): Name = "Published"; Value = "8-Jun-2000"; VariantName = "[No Variations]"
Add component (AddParameter): Name = "Publisher"; Value = "Altium Limited"; VariantName = "[No Variations]"
Add component (AddParameter): Name = "Value"; Value = "0.1u"; VariantName = "[No Variations]"
Added Component: Designator=C28_U_Small_DDS2(0402_Res)
Add component (AddParameter): Name = "LatestRevisionDate"; Value = "17-Jul-2002"; VariantName = "[No Variations]"
Add component (AddParameter): Name = "LatestRevisionNote"; Value = "Re-released for DXP Platform."; VariantName = "[No Variations]"
Add component (AddParameter): Name = "PackageDescription"; Value = "Radial Cap, Thru-Hole; 2 Leads; 0.3 in Pin Spacing"; VariantName = "[No Variations]"
Add component (AddParameter): Name = "PackageReference"; Value = "RAD-0.3"; VariantName = "[No Variations]"
Add component (AddParameter): Name = "Published"; Value = "8-Jun-2000"; VariantName = "[No Variations]"
Add component (AddParameter): Name = "Publisher"; Value = "Altium Limited"; VariantName = "[No Variations]"
Add component (AddParameter): Name = "Value"; Value = "0.1u"; VariantName = "[No Variations]"
Added Component: Designator=C28_U_Small_DDS3(0402_Res)
Add component (AddParameter): Name = "LatestRevisionDate"; Value = "17-Jul-2002"; VariantName = "[No Variations]"
Add component (AddParameter): Name = "LatestRevisionNote"; Value = "Re-released for DXP Platform."; VariantName = "[No Variations]"
Add component (AddParameter): Name = "PackageDescription"; Value = "Radial Cap, Thru-Hole; 2 Leads; 0.3 in Pin Spacing"; VariantName = "[No Variations]"
Add component (AddParameter): Name = "PackageReference"; Value = "RAD-0.3"; VariantName = "[No Variations]"
Add component (AddParameter): Name = "Published"; Value = "8-Jun-2000"; VariantName = "[No Variations]"
Add component (AddParameter): Name = "Publisher"; Value = "Altium Limited"; VariantName = "[No Variations]"
Add component (AddParameter): Name = "Value"; Value = "0.1u"; VariantName = "[No Variations]"
Added Component: Designator=C28_U_Small_DDS4(0402_Res)
Add component (AddParameter): Name = "LatestRevisionDate"; Value = "17-Jul-2002"; VariantName = "[No Variations]"
Add component (AddParameter): Name = "LatestRevisionNote"; Value = "Re-released for DXP Platform."; VariantName = "[No Variations]"
Add component (AddParameter): Name = "PackageDescription"; Value = "Radial Cap, Thru-Hole; 2 Leads; 0.3 in Pin Spacing"; VariantName = "[No Variations]"
Add component (AddParameter): Name = "PackageReference"; Value = "RAD-0.3"; VariantName = "[No Variations]"
Add component (AddParameter): Name = "Published"; Value = "8-Jun-2000"; VariantName = "[No Variations]"
Add component (AddParameter): Name = "Publisher"; Value = "Altium Limited"; VariantName = "[No Variations]"
Add component (AddParameter): Name = "Value"; Value = "0.1u"; VariantName = "[No Variations]"
Added Component: Designator=C29_U_Small_DDS1(0402_Res)
Add component (AddParameter): Name = "LatestRevisionDate"; Value = "17-Jul-2002"; VariantName = "[No Variations]"
Add component (AddParameter): Name = "LatestRevisionNote"; Value = "Re-released for DXP Platform."; VariantName = "[No Variations]"
Add component (AddParameter): Name = "PackageDescription"; Value = "Radial Cap, Thru-Hole; 2 Leads; 0.3 in Pin Spacing"; VariantName = "[No Variations]"
Add component (AddParameter): Name = "PackageReference"; Value = "RAD-0.3"; VariantName = "[No Variations]"
Add component (AddParameter): Name = "Published"; Value = "8-Jun-2000"; VariantName = "[No Variations]"
Add component (AddParameter): Name = "Publisher"; Value = "Altium Limited"; VariantName = "[No Variations]"
Add component (AddParameter): Name = "Value"; Value = "10u"; VariantName = "[No Variations]"
Added Component: Designator=C29_U_Small_DDS2(0402_Res)
Add component (AddParameter): Name = "LatestRevisionDate"; Value = "17-Jul-2002"; VariantName = "[No Variations]"
Add component (AddParameter): Name = "LatestRevisionNote"; Value = "Re-released for DXP Platform."; VariantName = "[No Variations]"
Add component (AddParameter): Name = "PackageDescription"; Value = "Radial Cap, Thru-Hole; 2 Leads; 0.3 in Pin Spacing"; VariantName = "[No Variations]"
Add component (AddParameter): Name = "PackageReference"; Value = "RAD-0.3"; VariantName = "[No Variations]"
Add component (AddParameter): Name = "Published"; Value = "8-Jun-2000"; VariantName = "[No Variations]"
Add component (AddParameter): Name = "Publisher"; Value = "Altium Limited"; VariantName = "[No Variations]"
Add component (AddParameter): Name = "Value"; Value = "10u"; VariantName = "[No Variations]"
Added Component: Designator=C29_U_Small_DDS3(0402_Res)
Add component (AddParameter): Name = "LatestRevisionDate"; Value = "17-Jul-2002"; VariantName = "[No Variations]"
Add component (AddParameter): Name = "LatestRevisionNote"; Value = "Re-released for DXP Platform."; VariantName = "[No Variations]"
Add component (AddParameter): Name = "PackageDescription"; Value = "Radial Cap, Thru-Hole; 2 Leads; 0.3 in Pin Spacing"; VariantName = "[No Variations]"
Add component (AddParameter): Name = "PackageReference"; Value = "RAD-0.3"; VariantName = "[No Variations]"
Add component (AddParameter): Name = "Published"; Value = "8-Jun-2000"; VariantName = "[No Variations]"
Add component (AddParameter): Name = "Publisher"; Value = "Altium Limited"; VariantName = "[No Variations]"
Add component (AddParameter): Name = "Value"; Value = "10u"; VariantName = "[No Variations]"
Added Component: Designator=C29_U_Small_DDS4(0402_Res)
Add component (AddParameter): Name = "LatestRevisionDate"; Value = "17-Jul-2002"; VariantName = "[No Variations]"
Add component (AddParameter): Name = "LatestRevisionNote"; Value = "Re-released for DXP Platform."; VariantName = "[No Variations]"
Add component (AddParameter): Name = "PackageDescription"; Value = "Radial Cap, Thru-Hole; 2 Leads; 0.3 in Pin Spacing"; VariantName = "[No Variations]"
Add component (AddParameter): Name = "PackageReference"; Value = "RAD-0.3"; VariantName = "[No Variations]"
Add component (AddParameter): Name = "Published"; Value = "8-Jun-2000"; VariantName = "[No Variations]"
Add component (AddParameter): Name = "Publisher"; Value = "Altium Limited"; VariantName = "[No Variations]"
Add component (AddParameter): Name = "Value"; Value = "10u"; VariantName = "[No Variations]"
Added Component: Designator=C30_U_Small_DDS1(0402_Res)
Add component (AddParameter): Name = "LatestRevisionDate"; Value = "17-Jul-2002"; VariantName = "[No Variations]"
Add component (AddParameter): Name = "LatestRevisionNote"; Value = "Re-released for DXP Platform."; VariantName = "[No Variations]"
Add component (AddParameter): Name = "PackageDescription"; Value = "Radial Cap, Thru-Hole; 2 Leads; 0.3 in Pin Spacing"; VariantName = "[No Variations]"
Add component (AddParameter): Name = "PackageReference"; Value = "RAD-0.3"; VariantName = "[No Variations]"
Add component (AddParameter): Name = "Published"; Value = "8-Jun-2000"; VariantName = "[No Variations]"
Add component (AddParameter): Name = "Publisher"; Value = "Altium Limited"; VariantName = "[No Variations]"
Add component (AddParameter): Name = "Value"; Value = "0.1u"; VariantName = "[No Variations]"
Added Component: Designator=C30_U_Small_DDS2(0402_Res)
Add component (AddParameter): Name = "LatestRevisionDate"; Value = "17-Jul-2002"; VariantName = "[No Variations]"
Add component (AddParameter): Name = "LatestRevisionNote"; Value = "Re-released for DXP Platform."; VariantName = "[No Variations]"
Add component (AddParameter): Name = "PackageDescription"; Value = "Radial Cap, Thru-Hole; 2 Leads; 0.3 in Pin Spacing"; VariantName = "[No Variations]"
Add component (AddParameter): Name = "PackageReference"; Value = "RAD-0.3"; VariantName = "[No Variations]"
Add component (AddParameter): Name = "Published"; Value = "8-Jun-2000"; VariantName = "[No Variations]"
Add component (AddParameter): Name = "Publisher"; Value = "Altium Limited"; VariantName = "[No Variations]"
Add component (AddParameter): Name = "Value"; Value = "0.1u"; VariantName = "[No Variations]"
Added Component: Designator=C30_U_Small_DDS3(0402_Res)
Add component (AddParameter): Name = "LatestRevisionDate"; Value = "17-Jul-2002"; VariantName = "[No Variations]"
Add component (AddParameter): Name = "LatestRevisionNote"; Value = "Re-released for DXP Platform."; VariantName = "[No Variations]"
Add component (AddParameter): Name = "PackageDescription"; Value = "Radial Cap, Thru-Hole; 2 Leads; 0.3 in Pin Spacing"; VariantName = "[No Variations]"
Add component (AddParameter): Name = "PackageReference"; Value = "RAD-0.3"; VariantName = "[No Variations]"
Add component (AddParameter): Name = "Published"; Value = "8-Jun-2000"; VariantName = "[No Variations]"
Add component (AddParameter): Name = "Publisher"; Value = "Altium Limited"; VariantName = "[No Variations]"
Add component (AddParameter): Name = "Value"; Value = "0.1u"; VariantName = "[No Variations]"
Added Component: Designator=C30_U_Small_DDS4(0402_Res)
Add component (AddParameter): Name = "LatestRevisionDate"; Value = "17-Jul-2002"; VariantName = "[No Variations]"
Add component (AddParameter): Name = "LatestRevisionNote"; Value = "Re-released for DXP Platform."; VariantName = "[No Variations]"
Add component (AddParameter): Name = "PackageDescription"; Value = "Radial Cap, Thru-Hole; 2 Leads; 0.3 in Pin Spacing"; VariantName = "[No Variations]"
Add component (AddParameter): Name = "PackageReference"; Value = "RAD-0.3"; VariantName = "[No Variations]"
Add component (AddParameter): Name = "Published"; Value = "8-Jun-2000"; VariantName = "[No Variations]"
Add component (AddParameter): Name = "Publisher"; Value = "Altium Limited"; VariantName = "[No Variations]"
Add component (AddParameter): Name = "Value"; Value = "0.1u"; VariantName = "[No Variations]"
Added Component: Designator=J1(STX-3000)
Add component (AddParameter): Name = "Supplier 1"; Value = "DigiKey"; VariantName = "[No Variations]"
Add component (AddParameter): Name = "Supplier Part Number 1"; Value = "2092-STX-3000-ND"; VariantName = "[No Variations]"
Added Component: Designator=J2(STX-3000)
Add component (AddParameter): Name = "Supplier 1"; Value = "DigiKey"; VariantName = "[No Variations]"
Add component (AddParameter): Name = "Supplier Part Number 1"; Value = "2092-STX-3000-ND"; VariantName = "[No Variations]"
Added Component: Designator=J3(STX-3000)
Add component (AddParameter): Name = "Supplier 1"; Value = "DigiKey"; VariantName = "[No Variations]"
Add component (AddParameter): Name = "Supplier Part Number 1"; Value = "2092-STX-3000-ND"; VariantName = "[No Variations]"
Added Component: Designator=J4(STX-3000)
Add component (AddParameter): Name = "Supplier 1"; Value = "DigiKey"; VariantName = "[No Variations]"
Add component (AddParameter): Name = "Supplier Part Number 1"; Value = "2092-STX-3000-ND"; VariantName = "[No Variations]"
Added Component: Designator=R7_U_Current_Measure1(0402_Res)
Add component (AddParameter): Name = "LatestRevisionDate"; Value = "17-Jul-2002"; VariantName = "[No Variations]"
Add component (AddParameter): Name = "LatestRevisionNote"; Value = "Re-released for DXP Platform."; VariantName = "[No Variations]"
Add component (AddParameter): Name = "PackageDescription"; Value = "Axial Device, Thru-Hole; 2 Leads; 0.3 in Pin Spacing"; VariantName = "[No Variations]"
Add component (AddParameter): Name = "PackageReference"; Value = "AXIAL-0.3"; VariantName = "[No Variations]"
Add component (AddParameter): Name = "Published"; Value = "8-Jun-2000"; VariantName = "[No Variations]"
Add component (AddParameter): Name = "Publisher"; Value = "Altium Limited"; VariantName = "[No Variations]"
Add component (AddParameter): Name = "Value"; Value = "10"; VariantName = "[No Variations]"
Added Component: Designator=R7_U_Current_Measure2(0402_Res)
Add component (AddParameter): Name = "LatestRevisionDate"; Value = "17-Jul-2002"; VariantName = "[No Variations]"
Add component (AddParameter): Name = "LatestRevisionNote"; Value = "Re-released for DXP Platform."; VariantName = "[No Variations]"
Add component (AddParameter): Name = "PackageDescription"; Value = "Axial Device, Thru-Hole; 2 Leads; 0.3 in Pin Spacing"; VariantName = "[No Variations]"
Add component (AddParameter): Name = "PackageReference"; Value = "AXIAL-0.3"; VariantName = "[No Variations]"
Add component (AddParameter): Name = "Published"; Value = "8-Jun-2000"; VariantName = "[No Variations]"
Add component (AddParameter): Name = "Publisher"; Value = "Altium Limited"; VariantName = "[No Variations]"
Add component (AddParameter): Name = "Value"; Value = "10"; VariantName = "[No Variations]"
Added Component: Designator=R7_U_Current_Measure3(0402_Res)
Add component (AddParameter): Name = "LatestRevisionDate"; Value = "17-Jul-2002"; VariantName = "[No Variations]"
Add component (AddParameter): Name = "LatestRevisionNote"; Value = "Re-released for DXP Platform."; VariantName = "[No Variations]"
Add component (AddParameter): Name = "PackageDescription"; Value = "Axial Device, Thru-Hole; 2 Leads; 0.3 in Pin Spacing"; VariantName = "[No Variations]"
Add component (AddParameter): Name = "PackageReference"; Value = "AXIAL-0.3"; VariantName = "[No Variations]"
Add component (AddParameter): Name = "Published"; Value = "8-Jun-2000"; VariantName = "[No Variations]"
Add component (AddParameter): Name = "Publisher"; Value = "Altium Limited"; VariantName = "[No Variations]"
Add component (AddParameter): Name = "Value"; Value = "10"; VariantName = "[No Variations]"
Added Component: Designator=R7_U_Current_Measure4(0402_Res)
Add component (AddParameter): Name = "LatestRevisionDate"; Value = "17-Jul-2002"; VariantName = "[No Variations]"
Add component (AddParameter): Name = "LatestRevisionNote"; Value = "Re-released for DXP Platform."; VariantName = "[No Variations]"
Add component (AddParameter): Name = "PackageDescription"; Value = "Axial Device, Thru-Hole; 2 Leads; 0.3 in Pin Spacing"; VariantName = "[No Variations]"
Add component (AddParameter): Name = "PackageReference"; Value = "AXIAL-0.3"; VariantName = "[No Variations]"
Add component (AddParameter): Name = "Published"; Value = "8-Jun-2000"; VariantName = "[No Variations]"
Add component (AddParameter): Name = "Publisher"; Value = "Altium Limited"; VariantName = "[No Variations]"
Add component (AddParameter): Name = "Value"; Value = "10"; VariantName = "[No Variations]"
Added Component: Designator=R8(0402_Res)
Add component (AddParameter): Name = "LatestRevisionDate"; Value = "17-Jul-2002"; VariantName = "[No Variations]"
Add component (AddParameter): Name = "LatestRevisionNote"; Value = "Re-released for DXP Platform."; VariantName = "[No Variations]"
Add component (AddParameter): Name = "PackageDescription"; Value = "Axial Device, Thru-Hole; 2 Leads; 0.3 in Pin Spacing"; VariantName = "[No Variations]"
Add component (AddParameter): Name = "PackageReference"; Value = "AXIAL-0.3"; VariantName = "[No Variations]"
Add component (AddParameter): Name = "Published"; Value = "8-Jun-2000"; VariantName = "[No Variations]"
Add component (AddParameter): Name = "Publisher"; Value = "Altium Limited"; VariantName = "[No Variations]"
Add component (AddParameter): Name = "Value"; Value = "4.7k"; VariantName = "[No Variations]"
Added Component: Designator=T1(108E)
Add component (AddParameter): Name = "Supplier 1"; Value = "DigiKey"; VariantName = "[No Variations]"
Add component (AddParameter): Name = "Supplier Part Number 1"; Value = "HM2380-ND"; VariantName = "[No Variations]"
Added Component: Designator=T2(108E)
Add component (AddParameter): Name = "Supplier 1"; Value = "DigiKey"; VariantName = "[No Variations]"
Add component (AddParameter): Name = "Supplier Part Number 1"; Value = "HM2380-ND"; VariantName = "[No Variations]"
Added Component: Designator=T3(108E)
Add component (AddParameter): Name = "Supplier 1"; Value = "DigiKey"; VariantName = "[No Variations]"
Add component (AddParameter): Name = "Supplier Part Number 1"; Value = "HM2380-ND"; VariantName = "[No Variations]"
Added Component: Designator=T4(108E)
Add component (AddParameter): Name = "Supplier 1"; Value = "DigiKey"; VariantName = "[No Variations]"
Add component (AddParameter): Name = "Supplier Part Number 1"; Value = "HM2380-ND"; VariantName = "[No Variations]"
Added Component: Designator=U1(RASPBERRY_PI_PICO)
Add component (AddParameter): Name = "Check_prices"; Value = "https://www.snapeda.com/parts/RASPBERRY%20PI%20PICO/Raspberry+Pi/view-part/?ref=eda"; VariantName = "[No Variations]"
Add component (AddParameter): Name = "MF"; Value = "Raspberry Pi"; VariantName = "[No Variations]"
Add component (AddParameter): Name = "MP"; Value = "RASPBERRY PI PICO"; VariantName = "[No Variations]"
Add component (AddParameter): Name = "Package"; Value = "None"; VariantName = "[No Variations]"
Add component (AddParameter): Name = "SnapEDA_Link"; Value = "https://www.snapeda.com/parts/RASPBERRY%20PI%20PICO/Raspberry+Pi/view-part/?ref=snap"; VariantName = "[No Variations]"
Add component (AddParameter): Name = "Value"; Value = ""; VariantName = "[No Variations]"
Added Component: Designator=U2_U_Current_Measure1(SON65P350X100_HS-9N)
Add component (AddParameter): Name = "Supplier 1"; Value = "DigiKey"; VariantName = "[No Variations]"
Add component (AddParameter): Name = "Supplier Part Number 1"; Value = "296-AMC0106M05DENRCT-ND"; VariantName = "[No Variations]"
Added Component: Designator=U2_U_Current_Measure2(SON65P350X100_HS-9N)
Add component (AddParameter): Name = "Supplier 1"; Value = "DigiKey"; VariantName = "[No Variations]"
Add component (AddParameter): Name = "Supplier Part Number 1"; Value = "296-AMC0106M05DENRCT-ND"; VariantName = "[No Variations]"
Added Component: Designator=U2_U_Current_Measure3(SON65P350X100_HS-9N)
Add component (AddParameter): Name = "Supplier 1"; Value = "DigiKey"; VariantName = "[No Variations]"
Add component (AddParameter): Name = "Supplier Part Number 1"; Value = "296-AMC0106M05DENRCT-ND"; VariantName = "[No Variations]"
Added Component: Designator=U2_U_Current_Measure4(SON65P350X100_HS-9N)
Add component (AddParameter): Name = "Supplier 1"; Value = "DigiKey"; VariantName = "[No Variations]"
Add component (AddParameter): Name = "Supplier Part Number 1"; Value = "296-AMC0106M05DENRCT-ND"; VariantName = "[No Variations]"
Added Component: Designator=U3(FP-SOT-223-0046067_14-MFG)
Add component (AddParameter): Name = "Accuracy Percentage"; Value = "2%"; VariantName = "[No Variations]"
Add component (AddParameter): Name = "Automotive"; Value = "No"; VariantName = "[No Variations]"
Add component (AddParameter): Name = "Category"; Value = "IC"; VariantName = "[No Variations]"
Add component (AddParameter): Name = "ComponentLink2Description"; Value = "Datasheet"; VariantName = "[No Variations]"
Add component (AddParameter): Name = "ComponentLink2URL"; Value = "https://www.st.com/content/ccc/resource/technical/document/datasheet/group3/0e/5a/00/ca/10/1a/4f/a5/DM00366442/files/DM00366442.pdf/jcr:content/translations/en.DM00366442.pdf"; VariantName = "[No Variations]"
Add component (AddParameter): Name = "Device Class L1"; Value = "Integrated Circuits (ICs)"; VariantName = "[No Variations]"
Add component (AddParameter): Name = "Device Class L2"; Value = "Power Management ICs"; VariantName = "[No Variations]"
Add component (AddParameter): Name = "Device Class L3"; Value = "Voltage Regulators - Linear"; VariantName = "[No Variations]"
Add component (AddParameter): Name = "Digikey Description"; Value = "IC REG LINEAR 5V 1.2A SOT223"; VariantName = "[No Variations]"
Add component (AddParameter): Name = "Dropout Voltage"; Value = "350mV"; VariantName = "[No Variations]"
Add component (AddParameter): Name = "Height"; Value = "1.9mm"; VariantName = "[No Variations]"
Add component (AddParameter): Name = "Lead Free"; Value = "Yes"; VariantName = "[No Variations]"
Add component (AddParameter): Name = "Manufacturer"; Value = "STMicroelectronics"; VariantName = "[No Variations]"
Add component (AddParameter): Name = "Manufacturer Part Number"; Value = "LDL1117S50R"; VariantName = "[No Variations]"
Add component (AddParameter): Name = "Max Junction Temp"; Value = "+150°C"; VariantName = "[No Variations]"
Add component (AddParameter): Name = "Max Supply Voltage"; Value = "18V"; VariantName = "[No Variations]"
Add component (AddParameter): Name = "Min Supply Voltage"; Value = "2.6V"; VariantName = "[No Variations]"
Add component (AddParameter): Name = "Mouser Description"; Value = "LDL1117 Series 1.2 A 5 V High PSRR LDO Linear Voltage Regulator - SOT-223"; VariantName = "[No Variations]"
Add component (AddParameter): Name = "Nominal Supply Current"; Value = "250uA"; VariantName = "[No Variations]"
Add component (AddParameter): Name = "Number Of Outputs"; Value = "1"; VariantName = "[No Variations]"
Add component (AddParameter): Name = "Octopart"; Value = "https://octopart.com/ldl1117s50r-stmicroelectronics-81876164"; VariantName = "[No Variations]"
Add component (AddParameter): Name = "Output Current"; Value = "2A"; VariantName = "[No Variations]"
Add component (AddParameter): Name = "Output Type"; Value = "Fixed"; VariantName = "[No Variations]"
Add component (AddParameter): Name = "Output Voltage"; Value = "5V"; VariantName = "[No Variations]"
Add component (AddParameter): Name = "Package"; Value = "SOT-223-0046067_14"; VariantName = "[No Variations]"
Add component (AddParameter): Name = "RoHS"; Value = "TRUE"; VariantName = "[No Variations]"
Add component (AddParameter): Name = "Standoff Height"; Value = "0.02mm"; VariantName = "[No Variations]"
Add component (AddParameter): Name = "Temperature"; Value = "-40°C to +125°C"; VariantName = "[No Variations]"
Add component (AddParameter): Name = "Temperature Range High"; Value = "+125°C"; VariantName = "[No Variations]"
Add component (AddParameter): Name = "Temperature Range Low"; Value = "-40°C"; VariantName = "[No Variations]"
Added Component: Designator=U4(FP-DBV0005A-IPC_C)
Add component (AddParameter): Name = "Case/Package"; Value = "SOT-23-5"; VariantName = "[No Variations]"
Add component (AddParameter): Name = "Dropout Voltage"; Value = "695mV"; VariantName = "[No Variations]"
Add component (AddParameter): Name = "Max Input Voltage"; Value = "5.5V"; VariantName = "[No Variations]"
Add component (AddParameter): Name = "Max Operating Temperature"; Value = "125°C"; VariantName = "[No Variations]"
Add component (AddParameter): Name = "Max Supply Current"; Value = "75uA"; VariantName = "[No Variations]"
Add component (AddParameter): Name = "Min Operating Temperature"; Value = "-40°C"; VariantName = "[No Variations]"
Add component (AddParameter): Name = "Min Output Voltage"; Value = "1.8V"; VariantName = "[No Variations]"
Add component (AddParameter): Name = "Mount"; Value = "Surface Mount"; VariantName = "[No Variations]"
Add component (AddParameter): Name = "Number of Regulators"; Value = "1"; VariantName = "[No Variations]"
Add component (AddParameter): Name = "Output Configuration"; Value = "Positive"; VariantName = "[No Variations]"
Add component (AddParameter): Name = "Output Current"; Value = "150mA"; VariantName = "[No Variations]"
Add component (AddParameter): Name = "Output Type"; Value = "Fixed"; VariantName = "[No Variations]"
Add component (AddParameter): Name = "Packaging"; Value = "Cut Tape"; VariantName = "[No Variations]"
Add component (AddParameter): Name = "Power Supply Rejection Ratio (PSRR)"; Value = "55dB"; VariantName = "[No Variations]"
Add component (AddParameter): Name = "Quiescent Current"; Value = "50uA"; VariantName = "[No Variations]"
Add component (AddParameter): Name = "RoHS Compliant"; Value = "Yes"; VariantName = "[No Variations]"
Added Component: Designator=U5(FP-SOT-223-0046067_14-MFG)
Add component (AddParameter): Name = "Accuracy Percentage"; Value = "2%"; VariantName = "[No Variations]"
Add component (AddParameter): Name = "Automotive"; Value = "No"; VariantName = "[No Variations]"
Add component (AddParameter): Name = "Category"; Value = "IC"; VariantName = "[No Variations]"
Add component (AddParameter): Name = "ComponentLink2Description"; Value = "Datasheet"; VariantName = "[No Variations]"
Add component (AddParameter): Name = "ComponentLink2URL"; Value = "https://www.st.com/content/ccc/resource/technical/document/datasheet/group3/0e/5a/00/ca/10/1a/4f/a5/DM00366442/files/DM00366442.pdf/jcr:content/translations/en.DM00366442.pdf"; VariantName = "[No Variations]"
Add component (AddParameter): Name = "Device Class L1"; Value = "Integrated Circuits (ICs)"; VariantName = "[No Variations]"
Add component (AddParameter): Name = "Device Class L2"; Value = "Power Management ICs"; VariantName = "[No Variations]"
Add component (AddParameter): Name = "Device Class L3"; Value = "Voltage Regulators - Linear"; VariantName = "[No Variations]"
Add component (AddParameter): Name = "Digikey Description"; Value = "IC REG LINEAR 5V 1.2A SOT223"; VariantName = "[No Variations]"
Add component (AddParameter): Name = "Dropout Voltage"; Value = "350mV"; VariantName = "[No Variations]"
Add component (AddParameter): Name = "Height"; Value = "1.9mm"; VariantName = "[No Variations]"
Add component (AddParameter): Name = "Lead Free"; Value = "Yes"; VariantName = "[No Variations]"
Add component (AddParameter): Name = "Manufacturer"; Value = "STMicroelectronics"; VariantName = "[No Variations]"
Add component (AddParameter): Name = "Manufacturer Part Number"; Value = "LDL1117S50R"; VariantName = "[No Variations]"
Add component (AddParameter): Name = "Max Junction Temp"; Value = "+150°C"; VariantName = "[No Variations]"
Add component (AddParameter): Name = "Max Supply Voltage"; Value = "18V"; VariantName = "[No Variations]"
Add component (AddParameter): Name = "Min Supply Voltage"; Value = "2.6V"; VariantName = "[No Variations]"
Add component (AddParameter): Name = "Mouser Description"; Value = "LDL1117 Series 1.2 A 5 V High PSRR LDO Linear Voltage Regulator - SOT-223"; VariantName = "[No Variations]"
Add component (AddParameter): Name = "Nominal Supply Current"; Value = "250uA"; VariantName = "[No Variations]"
Add component (AddParameter): Name = "Number Of Outputs"; Value = "1"; VariantName = "[No Variations]"
Add component (AddParameter): Name = "Octopart"; Value = "https://octopart.com/ldl1117s50r-stmicroelectronics-81876164"; VariantName = "[No Variations]"
Add component (AddParameter): Name = "Output Current"; Value = "2A"; VariantName = "[No Variations]"
Add component (AddParameter): Name = "Output Type"; Value = "Fixed"; VariantName = "[No Variations]"
Add component (AddParameter): Name = "Output Voltage"; Value = "5V"; VariantName = "[No Variations]"
Add component (AddParameter): Name = "Package"; Value = "SOT-223-0046067_14"; VariantName = "[No Variations]"
Add component (AddParameter): Name = "RoHS"; Value = "TRUE"; VariantName = "[No Variations]"
Add component (AddParameter): Name = "Standoff Height"; Value = "0.02mm"; VariantName = "[No Variations]"
Add component (AddParameter): Name = "Temperature"; Value = "-40°C to +125°C"; VariantName = "[No Variations]"
Add component (AddParameter): Name = "Temperature Range High"; Value = "+125°C"; VariantName = "[No Variations]"
Add component (AddParameter): Name = "Temperature Range Low"; Value = "-40°C"; VariantName = "[No Variations]"
Added Component: Designator=U6_U_PGA_Block1(MSOP-MS8_N)
Add component (AddParameter): Name = "ComponentLink1Description"; Value = "Manufacturer URL"; VariantName = "[No Variations]"
Add component (AddParameter): Name = "ComponentLink1URL"; Value = "http://www.microchip.com/"; VariantName = "[No Variations]"
Add component (AddParameter): Name = "ComponentLink2Description"; Value = "Datasheet"; VariantName = "[No Variations]"
Add component (AddParameter): Name = "ComponentLink2URL"; Value = "http://ww1.microchip.com/downloads/en/DeviceDoc/21117a.pdf"; VariantName = "[No Variations]"
Add component (AddParameter): Name = "ComponentLink3Description"; Value = "Package Specification"; VariantName = "[No Variations]"
Add component (AddParameter): Name = "ComponentLink3URL"; Value = "http://www.microchip.com/stellent/groups/techpub_sg/documents/packagingspec/en012702.pdf"; VariantName = "[No Variations]"
Add component (AddParameter): Name = "DatasheetVersion"; Value = "revA, Mar-2003"; VariantName = "[No Variations]"
Add component (AddParameter): Name = "PackageDescription"; Value = "8-Lead Plastic Micro Small Outline Package (MS) [MSOP]"; VariantName = "[No Variations]"
Add component (AddParameter): Name = "PackageReference"; Value = "MSOP-MS8"; VariantName = "[No Variations]"
Add component (AddParameter): Name = "PackageVersion"; Value = "revBB, Aug-2009"; VariantName = "[No Variations]"
Add component (AddParameter): Name = "RevisionNote"; Value = "URLs added."; VariantName = "[No Variations]"
Added Component: Designator=U6_U_PGA_Block2(MSOP-MS8_N)
Add component (AddParameter): Name = "ComponentLink1Description"; Value = "Manufacturer URL"; VariantName = "[No Variations]"
Add component (AddParameter): Name = "ComponentLink1URL"; Value = "http://www.microchip.com/"; VariantName = "[No Variations]"
Add component (AddParameter): Name = "ComponentLink2Description"; Value = "Datasheet"; VariantName = "[No Variations]"
Add component (AddParameter): Name = "ComponentLink2URL"; Value = "http://ww1.microchip.com/downloads/en/DeviceDoc/21117a.pdf"; VariantName = "[No Variations]"
Add component (AddParameter): Name = "ComponentLink3Description"; Value = "Package Specification"; VariantName = "[No Variations]"
Add component (AddParameter): Name = "ComponentLink3URL"; Value = "http://www.microchip.com/stellent/groups/techpub_sg/documents/packagingspec/en012702.pdf"; VariantName = "[No Variations]"
Add component (AddParameter): Name = "DatasheetVersion"; Value = "revA, Mar-2003"; VariantName = "[No Variations]"
Add component (AddParameter): Name = "PackageDescription"; Value = "8-Lead Plastic Micro Small Outline Package (MS) [MSOP]"; VariantName = "[No Variations]"
Add component (AddParameter): Name = "PackageReference"; Value = "MSOP-MS8"; VariantName = "[No Variations]"
Add component (AddParameter): Name = "PackageVersion"; Value = "revBB, Aug-2009"; VariantName = "[No Variations]"
Add component (AddParameter): Name = "RevisionNote"; Value = "URLs added."; VariantName = "[No Variations]"
Added Component: Designator=U6_U_PGA_Block3(MSOP-MS8_N)
Add component (AddParameter): Name = "ComponentLink1Description"; Value = "Manufacturer URL"; VariantName = "[No Variations]"
Add component (AddParameter): Name = "ComponentLink1URL"; Value = "http://www.microchip.com/"; VariantName = "[No Variations]"
Add component (AddParameter): Name = "ComponentLink2Description"; Value = "Datasheet"; VariantName = "[No Variations]"
Add component (AddParameter): Name = "ComponentLink2URL"; Value = "http://ww1.microchip.com/downloads/en/DeviceDoc/21117a.pdf"; VariantName = "[No Variations]"
Add component (AddParameter): Name = "ComponentLink3Description"; Value = "Package Specification"; VariantName = "[No Variations]"
Add component (AddParameter): Name = "ComponentLink3URL"; Value = "http://www.microchip.com/stellent/groups/techpub_sg/documents/packagingspec/en012702.pdf"; VariantName = "[No Variations]"
Add component (AddParameter): Name = "DatasheetVersion"; Value = "revA, Mar-2003"; VariantName = "[No Variations]"
Add component (AddParameter): Name = "PackageDescription"; Value = "8-Lead Plastic Micro Small Outline Package (MS) [MSOP]"; VariantName = "[No Variations]"
Add component (AddParameter): Name = "PackageReference"; Value = "MSOP-MS8"; VariantName = "[No Variations]"
Add component (AddParameter): Name = "PackageVersion"; Value = "revBB, Aug-2009"; VariantName = "[No Variations]"
Add component (AddParameter): Name = "RevisionNote"; Value = "URLs added."; VariantName = "[No Variations]"
Added Component: Designator=U6_U_PGA_Block4(MSOP-MS8_N)
Add component (AddParameter): Name = "ComponentLink1Description"; Value = "Manufacturer URL"; VariantName = "[No Variations]"
Add component (AddParameter): Name = "ComponentLink1URL"; Value = "http://www.microchip.com/"; VariantName = "[No Variations]"
Add component (AddParameter): Name = "ComponentLink2Description"; Value = "Datasheet"; VariantName = "[No Variations]"
Add component (AddParameter): Name = "ComponentLink2URL"; Value = "http://ww1.microchip.com/downloads/en/DeviceDoc/21117a.pdf"; VariantName = "[No Variations]"
Add component (AddParameter): Name = "ComponentLink3Description"; Value = "Package Specification"; VariantName = "[No Variations]"
Add component (AddParameter): Name = "ComponentLink3URL"; Value = "http://www.microchip.com/stellent/groups/techpub_sg/documents/packagingspec/en012702.pdf"; VariantName = "[No Variations]"
Add component (AddParameter): Name = "DatasheetVersion"; Value = "revA, Mar-2003"; VariantName = "[No Variations]"
Add component (AddParameter): Name = "PackageDescription"; Value = "8-Lead Plastic Micro Small Outline Package (MS) [MSOP]"; VariantName = "[No Variations]"
Add component (AddParameter): Name = "PackageReference"; Value = "MSOP-MS8"; VariantName = "[No Variations]"
Add component (AddParameter): Name = "PackageVersion"; Value = "revBB, Aug-2009"; VariantName = "[No Variations]"
Add component (AddParameter): Name = "RevisionNote"; Value = "URLs added."; VariantName = "[No Variations]"
Added Component: Designator=U7(ADUM6028-3WBRIZ-RL)
Added Component: Designator=U8_U_Small_DDS1(ADI-RM-10_M)
Add component (AddParameter): Name = "Code_JEDEC"; Value = "MO-187-BA"; VariantName = "[No Variations]"
Add component (AddParameter): Name = "Compliance Range (V)"; Value = "650mV"; VariantName = "[No Variations]"
Add component (AddParameter): Name = "ComponentLink1Description"; Value = "Manufacturer URL"; VariantName = "[No Variations]"
Add component (AddParameter): Name = "ComponentLink1URL"; Value = "www.analog.com"; VariantName = "[No Variations]"
Add component (AddParameter): Name = "ComponentLink2Description"; Value = "Datasheet"; VariantName = "[No Variations]"
Add component (AddParameter): Name = "ComponentLink2URL"; Value = "http://www.analog.com/static/imported-files/data_sheets/AD9833.pdf"; VariantName = "[No Variations]"
Add component (AddParameter): Name = "ComponentLink3Description"; Value = "Package Specification"; VariantName = "[No Variations]"
Add component (AddParameter): Name = "ComponentLink3URL"; Value = "http://www.analog.com/static/imported-files/packages/PKG_PDF/MSOP%28RM%29/RM_10.pdf"; VariantName = "[No Variations]"
Add component (AddParameter): Name = "DatasheetVersion"; Value = "Rev. D"; VariantName = "[No Variations]"
Add component (AddParameter): Name = "FS Iout (mA nom)"; Value = "3mA"; VariantName = "[No Variations]"
Add component (AddParameter): Name = "I Supply total (max)"; Value = "5.5mA"; VariantName = "[No Variations]"
Add component (AddParameter): Name = "I/O Interface"; Value = "Serial"; VariantName = "[No Variations]"
Add component (AddParameter): Name = "Master fclk"; Value = "25MHz"; VariantName = "[No Variations]"
Add component (AddParameter): Name = "PackageDescription"; Value = "10-Lead Mini Small Outline Package [MSOP]"; VariantName = "[No Variations]"
Add component (AddParameter): Name = "PackageReference"; Value = "RM-10"; VariantName = "[No Variations]"
Add component (AddParameter): Name = "PackageVersion"; Value = "5/8/2005"; VariantName = "[No Variations]"
Add component (AddParameter): Name = "REFCLK Multiplier"; Value = "No"; VariantName = "[No Variations]"
Add component (AddParameter): Name = "Resolution (Bits)"; Value = "10bit"; VariantName = "[No Variations]"
Add component (AddParameter): Name = "Tuning Word Width (bits)"; Value = "28bit"; VariantName = "[No Variations]"
Added Component: Designator=U8_U_Small_DDS2(ADI-RM-10_M)
Add component (AddParameter): Name = "Code_JEDEC"; Value = "MO-187-BA"; VariantName = "[No Variations]"
Add component (AddParameter): Name = "Compliance Range (V)"; Value = "650mV"; VariantName = "[No Variations]"
Add component (AddParameter): Name = "ComponentLink1Description"; Value = "Manufacturer URL"; VariantName = "[No Variations]"
Add component (AddParameter): Name = "ComponentLink1URL"; Value = "www.analog.com"; VariantName = "[No Variations]"
Add component (AddParameter): Name = "ComponentLink2Description"; Value = "Datasheet"; VariantName = "[No Variations]"
Add component (AddParameter): Name = "ComponentLink2URL"; Value = "http://www.analog.com/static/imported-files/data_sheets/AD9833.pdf"; VariantName = "[No Variations]"
Add component (AddParameter): Name = "ComponentLink3Description"; Value = "Package Specification"; VariantName = "[No Variations]"
Add component (AddParameter): Name = "ComponentLink3URL"; Value = "http://www.analog.com/static/imported-files/packages/PKG_PDF/MSOP%28RM%29/RM_10.pdf"; VariantName = "[No Variations]"
Add component (AddParameter): Name = "DatasheetVersion"; Value = "Rev. D"; VariantName = "[No Variations]"
Add component (AddParameter): Name = "FS Iout (mA nom)"; Value = "3mA"; VariantName = "[No Variations]"
Add component (AddParameter): Name = "I Supply total (max)"; Value = "5.5mA"; VariantName = "[No Variations]"
Add component (AddParameter): Name = "I/O Interface"; Value = "Serial"; VariantName = "[No Variations]"
Add component (AddParameter): Name = "Master fclk"; Value = "25MHz"; VariantName = "[No Variations]"
Add component (AddParameter): Name = "PackageDescription"; Value = "10-Lead Mini Small Outline Package [MSOP]"; VariantName = "[No Variations]"
Add component (AddParameter): Name = "PackageReference"; Value = "RM-10"; VariantName = "[No Variations]"
Add component (AddParameter): Name = "PackageVersion"; Value = "5/8/2005"; VariantName = "[No Variations]"
Add component (AddParameter): Name = "REFCLK Multiplier"; Value = "No"; VariantName = "[No Variations]"
Add component (AddParameter): Name = "Resolution (Bits)"; Value = "10bit"; VariantName = "[No Variations]"
Add component (AddParameter): Name = "Tuning Word Width (bits)"; Value = "28bit"; VariantName = "[No Variations]"
Added Component: Designator=U8_U_Small_DDS3(ADI-RM-10_M)
Add component (AddParameter): Name = "Code_JEDEC"; Value = "MO-187-BA"; VariantName = "[No Variations]"
Add component (AddParameter): Name = "Compliance Range (V)"; Value = "650mV"; VariantName = "[No Variations]"
Add component (AddParameter): Name = "ComponentLink1Description"; Value = "Manufacturer URL"; VariantName = "[No Variations]"
Add component (AddParameter): Name = "ComponentLink1URL"; Value = "www.analog.com"; VariantName = "[No Variations]"
Add component (AddParameter): Name = "ComponentLink2Description"; Value = "Datasheet"; VariantName = "[No Variations]"
Add component (AddParameter): Name = "ComponentLink2URL"; Value = "http://www.analog.com/static/imported-files/data_sheets/AD9833.pdf"; VariantName = "[No Variations]"
Add component (AddParameter): Name = "ComponentLink3Description"; Value = "Package Specification"; VariantName = "[No Variations]"
Add component (AddParameter): Name = "ComponentLink3URL"; Value = "http://www.analog.com/static/imported-files/packages/PKG_PDF/MSOP%28RM%29/RM_10.pdf"; VariantName = "[No Variations]"
Add component (AddParameter): Name = "DatasheetVersion"; Value = "Rev. D"; VariantName = "[No Variations]"
Add component (AddParameter): Name = "FS Iout (mA nom)"; Value = "3mA"; VariantName = "[No Variations]"
Add component (AddParameter): Name = "I Supply total (max)"; Value = "5.5mA"; VariantName = "[No Variations]"
Add component (AddParameter): Name = "I/O Interface"; Value = "Serial"; VariantName = "[No Variations]"
Add component (AddParameter): Name = "Master fclk"; Value = "25MHz"; VariantName = "[No Variations]"
Add component (AddParameter): Name = "PackageDescription"; Value = "10-Lead Mini Small Outline Package [MSOP]"; VariantName = "[No Variations]"
Add component (AddParameter): Name = "PackageReference"; Value = "RM-10"; VariantName = "[No Variations]"
Add component (AddParameter): Name = "PackageVersion"; Value = "5/8/2005"; VariantName = "[No Variations]"
Add component (AddParameter): Name = "REFCLK Multiplier"; Value = "No"; VariantName = "[No Variations]"
Add component (AddParameter): Name = "Resolution (Bits)"; Value = "10bit"; VariantName = "[No Variations]"
Add component (AddParameter): Name = "Tuning Word Width (bits)"; Value = "28bit"; VariantName = "[No Variations]"
Added Component: Designator=U8_U_Small_DDS4(ADI-RM-10_M)
Add component (AddParameter): Name = "Code_JEDEC"; Value = "MO-187-BA"; VariantName = "[No Variations]"
Add component (AddParameter): Name = "Compliance Range (V)"; Value = "650mV"; VariantName = "[No Variations]"
Add component (AddParameter): Name = "ComponentLink1Description"; Value = "Manufacturer URL"; VariantName = "[No Variations]"
Add component (AddParameter): Name = "ComponentLink1URL"; Value = "www.analog.com"; VariantName = "[No Variations]"
Add component (AddParameter): Name = "ComponentLink2Description"; Value = "Datasheet"; VariantName = "[No Variations]"
Add component (AddParameter): Name = "ComponentLink2URL"; Value = "http://www.analog.com/static/imported-files/data_sheets/AD9833.pdf"; VariantName = "[No Variations]"
Add component (AddParameter): Name = "ComponentLink3Description"; Value = "Package Specification"; VariantName = "[No Variations]"
Add component (AddParameter): Name = "ComponentLink3URL"; Value = "http://www.analog.com/static/imported-files/packages/PKG_PDF/MSOP%28RM%29/RM_10.pdf"; VariantName = "[No Variations]"
Add component (AddParameter): Name = "DatasheetVersion"; Value = "Rev. D"; VariantName = "[No Variations]"
Add component (AddParameter): Name = "FS Iout (mA nom)"; Value = "3mA"; VariantName = "[No Variations]"
Add component (AddParameter): Name = "I Supply total (max)"; Value = "5.5mA"; VariantName = "[No Variations]"
Add component (AddParameter): Name = "I/O Interface"; Value = "Serial"; VariantName = "[No Variations]"
Add component (AddParameter): Name = "Master fclk"; Value = "25MHz"; VariantName = "[No Variations]"
Add component (AddParameter): Name = "PackageDescription"; Value = "10-Lead Mini Small Outline Package [MSOP]"; VariantName = "[No Variations]"
Add component (AddParameter): Name = "PackageReference"; Value = "RM-10"; VariantName = "[No Variations]"
Add component (AddParameter): Name = "PackageVersion"; Value = "5/8/2005"; VariantName = "[No Variations]"
Add component (AddParameter): Name = "REFCLK Multiplier"; Value = "No"; VariantName = "[No Variations]"
Add component (AddParameter): Name = "Resolution (Bits)"; Value = "10bit"; VariantName = "[No Variations]"
Add component (AddParameter): Name = "Tuning Word Width (bits)"; Value = "28bit"; VariantName = "[No Variations]"
Added Pin To Net: NetName=1V8 Pin=C17-2
Added Pin To Net: NetName=1V8 Pin=U4-5
Added Net: Name=1V8
Added Pin To Net: NetName=3V3_A Pin=C25-2
Added Pin To Net: NetName=3V3_A Pin=C26-2
Added Pin To Net: NetName=3V3_A Pin=U2_U_Current_Measure1-1
Added Pin To Net: NetName=3V3_A Pin=U2_U_Current_Measure2-1
Added Pin To Net: NetName=3V3_A Pin=U2_U_Current_Measure3-1
Added Pin To Net: NetName=3V3_A Pin=U2_U_Current_Measure4-1
Added Pin To Net: NetName=3V3_A Pin=U7-6
Added Net: Name=3V3_A
Added Pin To Net: NetName=3V3 Pin=C16-2
Added Pin To Net: NetName=3V3 Pin=C23-2
Added Pin To Net: NetName=3V3 Pin=C24-2
Added Pin To Net: NetName=3V3 Pin=C27_U_Small_DDS1-2
Added Pin To Net: NetName=3V3 Pin=C27_U_Small_DDS2-2
Added Pin To Net: NetName=3V3 Pin=C27_U_Small_DDS3-2
Added Pin To Net: NetName=3V3 Pin=C27_U_Small_DDS4-2
Added Pin To Net: NetName=3V3 Pin=C28_U_Small_DDS1-2
Added Pin To Net: NetName=3V3 Pin=C28_U_Small_DDS2-2
Added Pin To Net: NetName=3V3 Pin=C28_U_Small_DDS3-2
Added Pin To Net: NetName=3V3 Pin=C28_U_Small_DDS4-2
Added Pin To Net: NetName=3V3 Pin=C29_U_Small_DDS1-2
Added Pin To Net: NetName=3V3 Pin=C29_U_Small_DDS2-2
Added Pin To Net: NetName=3V3 Pin=C29_U_Small_DDS3-2
Added Pin To Net: NetName=3V3 Pin=C29_U_Small_DDS4-2
Added Pin To Net: NetName=3V3 Pin=U2_U_Current_Measure1-8
Added Pin To Net: NetName=3V3 Pin=U2_U_Current_Measure2-8
Added Pin To Net: NetName=3V3 Pin=U2_U_Current_Measure3-8
Added Pin To Net: NetName=3V3 Pin=U2_U_Current_Measure4-8
Added Pin To Net: NetName=3V3 Pin=U4-1
Added Pin To Net: NetName=3V3 Pin=U4-3
Added Pin To Net: NetName=3V3 Pin=U7-3
Added Pin To Net: NetName=3V3 Pin=U8_U_Small_DDS1-2
Added Pin To Net: NetName=3V3 Pin=U8_U_Small_DDS2-2
Added Pin To Net: NetName=3V3 Pin=U8_U_Small_DDS3-2
Added Pin To Net: NetName=3V3 Pin=U8_U_Small_DDS4-2
Added Net: Name=3V3
Added Pin To Net: NetName=5V Pin=C21-2
Added Pin To Net: NetName=5V Pin=C22_U_PGA_Block1-2
Added Pin To Net: NetName=5V Pin=C22_U_PGA_Block2-2
Added Pin To Net: NetName=5V Pin=C22_U_PGA_Block3-2
Added Pin To Net: NetName=5V Pin=C22_U_PGA_Block4-2
Added Pin To Net: NetName=5V Pin=U5-2
Added Pin To Net: NetName=5V Pin=U5-4
Added Pin To Net: NetName=5V Pin=U6_U_PGA_Block1-8
Added Pin To Net: NetName=5V Pin=U6_U_PGA_Block2-8
Added Pin To Net: NetName=5V Pin=U6_U_PGA_Block3-8
Added Pin To Net: NetName=5V Pin=U6_U_PGA_Block4-8
Added Net: Name=5V
Added Pin To Net: NetName=\P\G\A\_\C\S\1 Pin=U6_U_PGA_Block1-5
Added Net: Name=\P\G\A\_\C\S\1
Added Pin To Net: NetName=\P\G\A\_\C\S\2 Pin=U6_U_PGA_Block2-5
Added Net: Name=\P\G\A\_\C\S\2
Added Pin To Net: NetName=\P\G\A\_\C\S\3 Pin=U6_U_PGA_Block3-5
Added Net: Name=\P\G\A\_\C\S\3
Added Pin To Net: NetName=\P\G\A\_\C\S\4 Pin=U6_U_PGA_Block4-5
Added Net: Name=\P\G\A\_\C\S\4
Added Pin To Net: NetName=\V\_\I\S\O\_\E\N\ Pin=R8-2
Added Pin To Net: NetName=\V\_\I\S\O\_\E\N\ Pin=U7-1
Added Net: Name=\V\_\I\S\O\_\E\N\
Added Net: Name=ADC_CLK
Add Net: Net with name "ADC_CLK" already exists
Added Pin To Net: NetName=ADC_DATA1 Pin=U2_U_Current_Measure1-6
Added Net: Name=ADC_DATA1
Added Pin To Net: NetName=ADC_DATA2 Pin=U2_U_Current_Measure2-6
Added Net: Name=ADC_DATA2
Added Pin To Net: NetName=ADC_DATA3 Pin=U2_U_Current_Measure3-6
Added Net: Name=ADC_DATA3
Added Pin To Net: NetName=ADC_DATA4 Pin=U2_U_Current_Measure4-6
Added Net: Name=ADC_DATA4
Added Net: Name=ADC_DAT
Added Pin To Net: NetName=AGND Pin=C25-1
Added Pin To Net: NetName=AGND Pin=C26-1
Added Pin To Net: NetName=AGND Pin=U2_U_Current_Measure1-4
Added Pin To Net: NetName=AGND Pin=U2_U_Current_Measure1-9
Added Pin To Net: NetName=AGND Pin=U2_U_Current_Measure2-4
Added Pin To Net: NetName=AGND Pin=U2_U_Current_Measure2-9
Added Pin To Net: NetName=AGND Pin=U2_U_Current_Measure3-4
Added Pin To Net: NetName=AGND Pin=U2_U_Current_Measure3-9
Added Pin To Net: NetName=AGND Pin=U2_U_Current_Measure4-4
Added Pin To Net: NetName=AGND Pin=U2_U_Current_Measure4-9
Added Pin To Net: NetName=AGND Pin=U7-5
Added Pin To Net: NetName=AGND Pin=U7-7
Added Pin To Net: NetName=AGND Pin=U7-8
Added Net: Name=AGND
Added Pin To Net: NetName=DDS_CLK Pin=U8_U_Small_DDS1-5
Added Pin To Net: NetName=DDS_CLK Pin=U8_U_Small_DDS2-5
Added Pin To Net: NetName=DDS_CLK Pin=U8_U_Small_DDS3-5
Added Pin To Net: NetName=DDS_CLK Pin=U8_U_Small_DDS4-5
Added Net: Name=DDS_CLK
Added Pin To Net: NetName=DDS_FSYNC1 Pin=U8_U_Small_DDS1-8
Added Net: Name=DDS_FSYNC1
Added Pin To Net: NetName=DDS_FSYNC2 Pin=U8_U_Small_DDS2-8
Added Net: Name=DDS_FSYNC2
Added Pin To Net: NetName=DDS_FSYNC3 Pin=U8_U_Small_DDS3-8
Added Net: Name=DDS_FSYNC3
Added Pin To Net: NetName=DDS_FSYNC4 Pin=U8_U_Small_DDS4-8
Added Net: Name=DDS_FSYNC4
Added Net: Name=DDS_IO_UPDATE
Added Pin To Net: NetName=DDS_OUT1 Pin=U8_U_Small_DDS1-10
Added Net: Name=DDS_OUT1
Added Pin To Net: NetName=DDS_OUT2 Pin=U8_U_Small_DDS2-10
Added Net: Name=DDS_OUT2
Added Pin To Net: NetName=DDS_OUT3 Pin=U8_U_Small_DDS3-10
Added Net: Name=DDS_OUT3
Added Pin To Net: NetName=DDS_OUT4 Pin=U8_U_Small_DDS4-10
Added Net: Name=DDS_OUT4
Added Pin To Net: NetName=DDS_RX Pin=U1-GP16
Added Net: Name=DDS_RX
Added Pin To Net: NetName=DDS_SCK Pin=U1-GP18
Added Net: Name=DDS_SCK
Added Pin To Net: NetName=DDS_SCLK Pin=U8_U_Small_DDS1-7
Added Pin To Net: NetName=DDS_SCLK Pin=U8_U_Small_DDS2-7
Added Pin To Net: NetName=DDS_SCLK Pin=U8_U_Small_DDS3-7
Added Pin To Net: NetName=DDS_SCLK Pin=U8_U_Small_DDS4-7
Added Net: Name=DDS_SCLK
Added Pin To Net: NetName=DDS_SDAT Pin=U8_U_Small_DDS1-6
Added Pin To Net: NetName=DDS_SDAT Pin=U8_U_Small_DDS2-6
Added Pin To Net: NetName=DDS_SDAT Pin=U8_U_Small_DDS3-6
Added Pin To Net: NetName=DDS_SDAT Pin=U8_U_Small_DDS4-6
Added Net: Name=DDS_SDAT
Added Pin To Net: NetName=DDS_TX Pin=U1-GP19
Added Net: Name=DDS_TX
Added Pin To Net: NetName=FROM_BRAIN1 Pin=J1-1
Added Pin To Net: NetName=FROM_BRAIN1 Pin=R7_U_Current_Measure1-1
Added Pin To Net: NetName=FROM_BRAIN1 Pin=U2_U_Current_Measure1-2
Added Net: Name=FROM_BRAIN1
Added Pin To Net: NetName=FROM_BRAIN2 Pin=J2-1
Added Pin To Net: NetName=FROM_BRAIN2 Pin=R7_U_Current_Measure2-1
Added Pin To Net: NetName=FROM_BRAIN2 Pin=U2_U_Current_Measure2-2
Added Net: Name=FROM_BRAIN2
Added Pin To Net: NetName=FROM_BRAIN3 Pin=J3-1
Added Pin To Net: NetName=FROM_BRAIN3 Pin=R7_U_Current_Measure3-1
Added Pin To Net: NetName=FROM_BRAIN3 Pin=U2_U_Current_Measure3-2
Added Net: Name=FROM_BRAIN3
Added Pin To Net: NetName=FROM_BRAIN4 Pin=J4-1
Added Pin To Net: NetName=FROM_BRAIN4 Pin=R7_U_Current_Measure4-1
Added Pin To Net: NetName=FROM_BRAIN4 Pin=U2_U_Current_Measure4-2
Added Net: Name=FROM_BRAIN4
Added Pin To Net: NetName=GND Pin=C16-1
Added Pin To Net: NetName=GND Pin=C17-1
Added Pin To Net: NetName=GND Pin=C20-1
Added Pin To Net: NetName=GND Pin=C21-1
Added Pin To Net: NetName=GND Pin=C22_U_PGA_Block1-1
Added Pin To Net: NetName=GND Pin=C22_U_PGA_Block2-1
Added Pin To Net: NetName=GND Pin=C22_U_PGA_Block3-1
Added Pin To Net: NetName=GND Pin=C22_U_PGA_Block4-1
Added Pin To Net: NetName=GND Pin=C23-1
Added Pin To Net: NetName=GND Pin=C24-1
Added Pin To Net: NetName=GND Pin=C28_U_Small_DDS1-1
Added Pin To Net: NetName=GND Pin=C28_U_Small_DDS2-1
Added Pin To Net: NetName=GND Pin=C28_U_Small_DDS3-1
Added Pin To Net: NetName=GND Pin=C28_U_Small_DDS4-1
Added Pin To Net: NetName=GND Pin=C29_U_Small_DDS1-1
Added Pin To Net: NetName=GND Pin=C29_U_Small_DDS2-1
Added Pin To Net: NetName=GND Pin=C29_U_Small_DDS3-1
Added Pin To Net: NetName=GND Pin=C29_U_Small_DDS4-1
Added Pin To Net: NetName=GND Pin=C30_U_Small_DDS1-1
Added Pin To Net: NetName=GND Pin=C30_U_Small_DDS2-1
Added Pin To Net: NetName=GND Pin=C30_U_Small_DDS3-1
Added Pin To Net: NetName=GND Pin=C30_U_Small_DDS4-1
Added Pin To Net: NetName=GND Pin=R8-1
Added Pin To Net: NetName=GND Pin=T1-3
Added Pin To Net: NetName=GND Pin=T2-3
Added Pin To Net: NetName=GND Pin=T3-3
Added Pin To Net: NetName=GND Pin=T4-3
Added Pin To Net: NetName=GND Pin=U2_U_Current_Measure1-5
Added Pin To Net: NetName=GND Pin=U2_U_Current_Measure1-10
Added Pin To Net: NetName=GND Pin=U2_U_Current_Measure2-5
Added Pin To Net: NetName=GND Pin=U2_U_Current_Measure2-10
Added Pin To Net: NetName=GND Pin=U2_U_Current_Measure3-5
Added Pin To Net: NetName=GND Pin=U2_U_Current_Measure3-10
Added Pin To Net: NetName=GND Pin=U2_U_Current_Measure4-5
Added Pin To Net: NetName=GND Pin=U2_U_Current_Measure4-10
Added Pin To Net: NetName=GND Pin=U4-2
Added Pin To Net: NetName=GND Pin=U5-1
Added Pin To Net: NetName=GND Pin=U6_U_PGA_Block1-3
Added Pin To Net: NetName=GND Pin=U6_U_PGA_Block1-4
Added Pin To Net: NetName=GND Pin=U6_U_PGA_Block2-3
Added Pin To Net: NetName=GND Pin=U6_U_PGA_Block2-4
Added Pin To Net: NetName=GND Pin=U6_U_PGA_Block3-3
Added Pin To Net: NetName=GND Pin=U6_U_PGA_Block3-4
Added Pin To Net: NetName=GND Pin=U6_U_PGA_Block4-3
Added Pin To Net: NetName=GND Pin=U6_U_PGA_Block4-4
Added Pin To Net: NetName=GND Pin=U7-2
Added Pin To Net: NetName=GND Pin=U7-4
Added Pin To Net: NetName=GND Pin=U8_U_Small_DDS1-4
Added Pin To Net: NetName=GND Pin=U8_U_Small_DDS1-9
Added Pin To Net: NetName=GND Pin=U8_U_Small_DDS2-4
Added Pin To Net: NetName=GND Pin=U8_U_Small_DDS2-9
Added Pin To Net: NetName=GND Pin=U8_U_Small_DDS3-4
Added Pin To Net: NetName=GND Pin=U8_U_Small_DDS3-9
Added Pin To Net: NetName=GND Pin=U8_U_Small_DDS4-4
Added Pin To Net: NetName=GND Pin=U8_U_Small_DDS4-9
Added Net: Name=GND
Added Pin To Net: NetName=NetC27_U_Small_DDS1_1 Pin=C27_U_Small_DDS1-1
Added Pin To Net: NetName=NetC27_U_Small_DDS1_1 Pin=U8_U_Small_DDS1-1
Added Net: Name=NetC27_U_Small_DDS1_1
Added Pin To Net: NetName=NetC27_U_Small_DDS2_1 Pin=C27_U_Small_DDS2-1
Added Pin To Net: NetName=NetC27_U_Small_DDS2_1 Pin=U8_U_Small_DDS2-1
Added Net: Name=NetC27_U_Small_DDS2_1
Added Pin To Net: NetName=NetC27_U_Small_DDS3_1 Pin=C27_U_Small_DDS3-1
Added Pin To Net: NetName=NetC27_U_Small_DDS3_1 Pin=U8_U_Small_DDS3-1
Added Net: Name=NetC27_U_Small_DDS3_1
Added Pin To Net: NetName=NetC27_U_Small_DDS4_1 Pin=C27_U_Small_DDS4-1
Added Pin To Net: NetName=NetC27_U_Small_DDS4_1 Pin=U8_U_Small_DDS4-1
Added Net: Name=NetC27_U_Small_DDS4_1
Added Pin To Net: NetName=NetC30_U_Small_DDS1_2 Pin=C30_U_Small_DDS1-2
Added Pin To Net: NetName=NetC30_U_Small_DDS1_2 Pin=U8_U_Small_DDS1-3
Added Net: Name=NetC30_U_Small_DDS1_2
Added Pin To Net: NetName=NetC30_U_Small_DDS2_2 Pin=C30_U_Small_DDS2-2
Added Pin To Net: NetName=NetC30_U_Small_DDS2_2 Pin=U8_U_Small_DDS2-3
Added Net: Name=NetC30_U_Small_DDS2_2
Added Pin To Net: NetName=NetC30_U_Small_DDS3_2 Pin=C30_U_Small_DDS3-2
Added Pin To Net: NetName=NetC30_U_Small_DDS3_2 Pin=U8_U_Small_DDS3-3
Added Net: Name=NetC30_U_Small_DDS3_2
Added Pin To Net: NetName=NetC30_U_Small_DDS4_2 Pin=C30_U_Small_DDS4-2
Added Pin To Net: NetName=NetC30_U_Small_DDS4_2 Pin=U8_U_Small_DDS4-3
Added Net: Name=NetC30_U_Small_DDS4_2
Added Pin To Net: NetName=NetU6_U_PGA_Block1_6 Pin=U6_U_PGA_Block1-6
Added Pin To Net: NetName=NetU6_U_PGA_Block1_6 Pin=U6_U_PGA_Block2-6
Added Pin To Net: NetName=NetU6_U_PGA_Block1_6 Pin=U6_U_PGA_Block3-6
Added Pin To Net: NetName=NetU6_U_PGA_Block1_6 Pin=U6_U_PGA_Block4-6
Added Net: Name=NetU6_U_PGA_Block1_6
Added Pin To Net: NetName=NetU6_U_PGA_Block1_7 Pin=U6_U_PGA_Block1-7
Added Pin To Net: NetName=NetU6_U_PGA_Block1_7 Pin=U6_U_PGA_Block2-7
Added Pin To Net: NetName=NetU6_U_PGA_Block1_7 Pin=U6_U_PGA_Block3-7
Added Pin To Net: NetName=NetU6_U_PGA_Block1_7 Pin=U6_U_PGA_Block4-7
Added Net: Name=NetU6_U_PGA_Block1_7
Added Pin To Net: NetName=OUT_V_0 Pin=T1-1
Added Net: Name=OUT_V_0
Added Pin To Net: NetName=OUT_V_1 Pin=T2-1
Added Net: Name=OUT_V_1
Added Pin To Net: NetName=OUT_V_2 Pin=T3-1
Added Net: Name=OUT_V_2
Added Pin To Net: NetName=OUT_V_3 Pin=T4-1
Added Net: Name=OUT_V_3
Added Pin To Net: NetName=PGA_SCL Pin=U1-GP9
Added Net: Name=PGA_SCL
Added Pin To Net: NetName=PGA_SDA Pin=U1-GP8
Added Net: Name=PGA_SDA
Added Pin To Net: NetName=STIM_0 Pin=J1-3
Added Pin To Net: NetName=STIM_0 Pin=T1-6
Added Net: Name=STIM_0
Added Pin To Net: NetName=STIM_1 Pin=J2-3
Added Pin To Net: NetName=STIM_1 Pin=T2-6
Added Net: Name=STIM_1
Added Pin To Net: NetName=STIM_2 Pin=J3-3
Added Pin To Net: NetName=STIM_2 Pin=T3-6
Added Net: Name=STIM_2
Added Pin To Net: NetName=STIM_3 Pin=T4-6
Added Net: Name=STIM_3
Added Pin To Net: NetName=TF_LOW1 Pin=T1-4
Added Net: Name=TF_LOW1
Added Pin To Net: NetName=TF_LOW2 Pin=T2-4
Added Net: Name=TF_LOW2
Added Pin To Net: NetName=TF_LOW3 Pin=T3-4
Added Net: Name=TF_LOW3
Added Pin To Net: NetName=TF_LOW4 Pin=J4-3
Added Pin To Net: NetName=TF_LOW4 Pin=T4-4
Added Net: Name=TF_LOW4
Added Pin To Net: NetName=TF_LOW Pin=R7_U_Current_Measure1-2
Added Pin To Net: NetName=TF_LOW Pin=R7_U_Current_Measure2-2
Added Pin To Net: NetName=TF_LOW Pin=R7_U_Current_Measure3-2
Added Pin To Net: NetName=TF_LOW Pin=R7_U_Current_Measure4-2
Added Pin To Net: NetName=TF_LOW Pin=U2_U_Current_Measure1-3
Added Pin To Net: NetName=TF_LOW Pin=U2_U_Current_Measure2-3
Added Pin To Net: NetName=TF_LOW Pin=U2_U_Current_Measure3-3
Added Pin To Net: NetName=TF_LOW Pin=U2_U_Current_Measure4-3
Added Net: Name=TF_LOW
Added Pin To Net: NetName=VBAT Pin=C20-2
Added Pin To Net: NetName=VBAT Pin=U5-3
Added Net: Name=VBAT
Added Pin To Net: NetName=Wave_In1 Pin=U6_U_PGA_Block1-2
Added Net: Name=Wave_In1
Added Pin To Net: NetName=Wave_In2 Pin=U6_U_PGA_Block2-2
Added Net: Name=Wave_In2
Added Pin To Net: NetName=Wave_In3 Pin=U6_U_PGA_Block3-2
Added Net: Name=Wave_In3
Added Pin To Net: NetName=Wave_In4 Pin=U6_U_PGA_Block4-2
Added Net: Name=Wave_In4
Added Pin To Net: NetName=Wave_Out1 Pin=U6_U_PGA_Block1-1
Added Net: Name=Wave_Out1
Added Pin To Net: NetName=Wave_Out2 Pin=U6_U_PGA_Block2-1
Added Net: Name=Wave_Out2
Added Pin To Net: NetName=Wave_Out3 Pin=U6_U_PGA_Block3-1
Added Net: Name=Wave_Out3
Added Pin To Net: NetName=Wave_Out4 Pin=U6_U_PGA_Block4-1
Added Net: Name=Wave_Out4
Added Class: Name=U_Current_Measure1
Added Class: Name=U_Current_Measure2
Added Class: Name=U_Current_Measure3
Added Class: Name=U_Current_Measure4
Added Class: Name=U_MCU
Added Class: Name=U_Non_Isolated_Sources
Added Class: Name=U_Output_Isolation
Added Class: Name=U_PGA_Block1
Added Class: Name=U_PGA_Block2
Added Class: Name=U_PGA_Block3
Added Class: Name=U_PGA_Block4
Added Class: Name=U_Small_DDS1
Added Class: Name=U_Small_DDS2
Added Class: Name=U_Small_DDS3
Added Class: Name=U_Small_DDS4
Added Class: Name=U_Stimulus_Feedback
Added Class: Name=\P\G\A\_\C\S\[4..1]
Added Class: Name=ADC_DATA[4..1]
Added Class: Name=CH_AMP[4..1]
Added Class: Name=DDS_FSYNC[4..1]
Added Class: Name=DDS_OUT[4..1]
Added Class: Name=FROM_BRAIN[4..1]
Added Class: Name=TF_LOW[4..1]
Added Class: Name=Wave_In[4..1]
Added Class: Name=Current_Measure
Added Class: Name=PGA_Block
Added Class: Name=Small_DDS
Added Room: Name=U_Current_Measure1
Added Room: Name=U_Current_Measure2
Added Room: Name=U_Current_Measure3
Added Room: Name=U_Current_Measure4
Added Room: Name=U_MCU
Added Room: Name=U_Non_Isolated_Sources
Added Room: Name=U_Output_Isolation
Added Room: Name=U_PGA_Block1
Added Room: Name=U_PGA_Block2
Added Room: Name=U_PGA_Block3
Added Room: Name=U_PGA_Block4
Added Room: Name=U_Small_DDS1
Added Room: Name=U_Small_DDS2
Added Room: Name=U_Small_DDS3
Added Room: Name=U_Small_DDS4
Added Room: Name=U_Stimulus_Feedback
