Add component: Footprint Not Found CAPC1608X05N
Add component: Footprint Not Found CAPC1608X05N
Add component: Footprint Not Found CAPC1608X05N
Add component: Footprint Not Found CAPC1608X05N
Add component: Footprint Not Found 0402_Res
Add component: Footprint Not Found ADUM6028-3WBRIZ-RL
Add Pin To Net: Unknown Pin: Pin C?-1
Add Pin To Net: Unknown Pin: Pin C?-1
Add Pin To Net: Unknown Pin: Pin C?-1
Add Pin To Net: Unknown Pin: Pin C?-1
Add Pin To Net: Unknown Pin: Pin C?-2
Add Pin To Net: Unknown Pin: Pin C?-2
Add Pin To Net: Unknown Pin: Pin C?-2
Add Pin To Net: Unknown Pin: Pin C?-2
Added Pin To Net: NetName=GND Pin=R?-1
Added Pin To Net: NetName=GND Pin=U?-2
Added Pin To Net: NetName=3V3 Pin=U?-3
Added Pin To Net: NetName=GND Pin=U?-4
Added Pin To Net: NetName=AGND Pin=U?-5
Added Pin To Net: NetName=3V3_A Pin=U?-6
Added Pin To Net: NetName=AGND Pin=U?-7
Added Pin To Net: NetName=AGND Pin=U?-8
Added Pin To Net: NetName=\V\_\I\S\O\_\E\N\ Pin=R?-2
Added Pin To Net: NetName=\V\_\I\S\O\_\E\N\ Pin=U?-1
Added Net: Name=\V\_\I\S\O\_\E\N\
